Archive member included to satisfy reference by file (symbol)

/media/wen/My_Passport/Raspbian/raspbian-tee/raspbian-tee/optee_os/out/arm/export-ta_arm32/lib/libutils.a(memcpy.o)
                              ./socket_test_ta.o (memcpy)
/media/wen/My_Passport/Raspbian/raspbian-tee/raspbian-tee/optee_os/out/arm/export-ta_arm32/lib/libutils.a(memset.o)
                              ./socket_test_ta.o (memset)
/media/wen/My_Passport/Raspbian/raspbian-tee/raspbian-tee/optee_os/out/arm/export-ta_arm32/lib/libutils.a(trace.o)
                              ./socket_test_ta.o (trace_printf)
/media/wen/My_Passport/Raspbian/raspbian-tee/raspbian-tee/optee_os/out/arm/export-ta_arm32/lib/libutils.a(aeabi_unwind.o)
                              ./socket_test_ta.o (__aeabi_unwind_cpp_pr0)
/media/wen/My_Passport/Raspbian/raspbian-tee/raspbian-tee/optee_os/out/arm/export-ta_arm32/lib/libutils.a(snprintk.o)
                              /media/wen/My_Passport/Raspbian/raspbian-tee/raspbian-tee/optee_os/out/arm/export-ta_arm32/lib/libutils.a(trace.o) (snprintk)
/media/wen/My_Passport/Raspbian/raspbian-tee/raspbian-tee/optee_os/out/arm/export-ta_arm32/lib/libutils.a(memchr.o)
                              /media/wen/My_Passport/Raspbian/raspbian-tee/raspbian-tee/optee_os/out/arm/export-ta_arm32/lib/libutils.a(snprintk.o) (memchr)
/media/wen/My_Passport/Raspbian/raspbian-tee/raspbian-tee/optee_os/out/arm/export-ta_arm32/lib/libutils.a(strlen.o)
                              /media/wen/My_Passport/Raspbian/raspbian-tee/raspbian-tee/optee_os/out/arm/export-ta_arm32/lib/libutils.a(snprintk.o) (strlen)
/media/wen/My_Passport/Raspbian/raspbian-tee/raspbian-tee/optee_os/out/arm/export-ta_arm32/lib/libutils.a(arm32_aeabi_ldivmod_a32.o)
                              /media/wen/My_Passport/Raspbian/raspbian-tee/raspbian-tee/optee_os/out/arm/export-ta_arm32/lib/libutils.a(snprintk.o) (__aeabi_uldivmod)
/media/wen/My_Passport/Raspbian/raspbian-tee/raspbian-tee/optee_os/out/arm/export-ta_arm32/lib/libutils.a(arm32_aeabi_ldivmod.o)
                              /media/wen/My_Passport/Raspbian/raspbian-tee/raspbian-tee/optee_os/out/arm/export-ta_arm32/lib/libutils.a(arm32_aeabi_ldivmod_a32.o) (__ul_divmod)
/media/wen/My_Passport/Raspbian/raspbian-tee/raspbian-tee/optee_os/out/arm/export-ta_arm32/lib/libutee.a(trace_ext.o)
                              /media/wen/My_Passport/Raspbian/raspbian-tee/raspbian-tee/optee_os/out/arm/export-ta_arm32/lib/libutils.a(trace.o) (trace_ext_puts)
/media/wen/My_Passport/Raspbian/raspbian-tee/raspbian-tee/optee_os/out/arm/export-ta_arm32/lib/libutee.a(tee_api.o)
                              ./socket_test_ta.o (TEE_OpenTASession)
/media/wen/My_Passport/Raspbian/raspbian-tee/raspbian-tee/optee_os/out/arm/export-ta_arm32/lib/libutee.a(tee_api_panic.o)
                              /media/wen/My_Passport/Raspbian/raspbian-tee/raspbian-tee/optee_os/out/arm/export-ta_arm32/lib/libutee.a(tee_api.o) (TEE_Panic)
/media/wen/My_Passport/Raspbian/raspbian-tee/raspbian-tee/optee_os/out/arm/export-ta_arm32/lib/libutee.a(user_ta_entry.o)
                              ./user_ta_header.o (__utee_entry)
/media/wen/My_Passport/Raspbian/raspbian-tee/raspbian-tee/optee_os/out/arm/export-ta_arm32/lib/libutee.a(utee_syscalls_a32.o)
                              /media/wen/My_Passport/Raspbian/raspbian-tee/raspbian-tee/optee_os/out/arm/export-ta_arm32/lib/libutee.a(tee_api_panic.o) (utee_panic)
/media/wen/My_Passport/Raspbian/raspbian-tee/raspbian-tee/optee_os/out/arm/export-ta_arm32/lib/libutee.a(gprof_a32.o)
                              /media/wen/My_Passport/Raspbian/raspbian-tee/raspbian-tee/optee_os/out/arm/export-ta_arm32/lib/libutee.a(user_ta_entry.o) (__utee_mcount)
/media/wen/My_Passport/Raspbian/raspbian-tee/raspbian-tee/optee_os/out/arm/export-ta_arm32/lib/libutee.a(tee_api_arith_mpi.o)
                              /media/wen/My_Passport/Raspbian/raspbian-tee/raspbian-tee/optee_os/out/arm/export-ta_arm32/lib/libutee.a(user_ta_entry.o) (_TEE_MathAPI_Init)
/media/wen/My_Passport/Raspbian/raspbian-tee/raspbian-tee/optee_os/out/arm/export-ta_arm32/lib/libmbedtls.a(bignum.o)
                              /media/wen/My_Passport/Raspbian/raspbian-tee/raspbian-tee/optee_os/out/arm/export-ta_arm32/lib/libutee.a(tee_api_arith_mpi.o) (mbedtls_mpi_init_mempool)
/media/wen/My_Passport/Raspbian/raspbian-tee/raspbian-tee/optee_os/out/arm/export-ta_arm32/lib/libutils.a(bget_malloc.o)
                              /media/wen/My_Passport/Raspbian/raspbian-tee/raspbian-tee/optee_os/out/arm/export-ta_arm32/lib/libutee.a(tee_api.o) (malloc)
/media/wen/My_Passport/Raspbian/raspbian-tee/raspbian-tee/optee_os/out/arm/export-ta_arm32/lib/libutils.a(snprintf.o)
                              /media/wen/My_Passport/Raspbian/raspbian-tee/raspbian-tee/optee_os/out/arm/export-ta_arm32/lib/libutee.a(trace_ext.o) (vsnprintf)
/media/wen/My_Passport/Raspbian/raspbian-tee/raspbian-tee/optee_os/out/arm/export-ta_arm32/lib/libutils.a(memcmp.o)
[...]
Memory Configuration

Name             Origin             Length             Attributes
*default*        0x00000000         0xffffffff

Linker script and memory map


.ta_head        0x00000000       0x20
 *(SORT(.ta_head))
 .ta_head       0x00000000       0x20 ./user_ta_header.o
                0x00000000                ta_head

.text           0x00000020     0x5f48
                0x00000020                __text_start = .
 *(SORT(.text) SORT(.text.*))
 .text          0x00000020      0x558 ./socket_test_ta.o
                0x00000020                sha1digest
                0x00000258                hmac_sha1
                0x00000318                string_cmp
                0x00000404                TA_CreateEntryPoint
                0x00000408                TA_DestroyEntryPoint
                0x0000040a                TA_OpenSessionEntryPoint
                0x00000434                TA_CloseSessionEntryPoint
                0x00000438                TA_InvokeCommandEntryPoint
 .text          0x00000578      0x178 /media/wen/My_Passport/Raspbian/raspbian-tee/raspbian-tee/optee_os/out/arm/export-ta_arm32/lib/libutils.a(trace.o)
                0x00000578                trace_set_level
                0x00000598                trace_get_level
                0x000005ac                trace_printf
                0x000006ec                dhex_dump
 .text          0x000006f0      0x75c /media/wen/My_Passport/Raspbian/raspbian-tee/raspbian-tee/optee_os/out/arm/export-ta_arm32/lib/libutils.a(snprintk.o)
                0x000006f0                __vsnprintf
                0x00000e24                vsnprintk
                0x00000e32                snprintk
 .text.__aeabi_ldivmod
                0x00000e4c       0x18 /media/wen/My_Passport/Raspbian/raspbian-tee/raspbian-tee/optee_os/out/arm/export-ta_arm32/lib/libutils.a(arm32_aeabi_ldivmod_a32.o)
                0x00000e4c                __aeabi_ldivmod
 .text.__aeabi_uldivmod
                0x00000e64       0x18 /media/wen/My_Passport/Raspbian/raspbian-tee/raspbian-tee/optee_os/out/arm/export-ta_arm32/lib/libutils.a(arm32_aeabi_ldivmod_a32.o)
                0x00000e64                __aeabi_uldivmod
 .text          0x00000e7c       0x9c /media/wen/My_Passport/Raspbian/raspbian-tee/raspbian-tee/optee_os/out/arm/export-ta_arm32/lib/libutee.a(trace_ext.o)
                0x00000e7c                trace_ext_puts
                0x00000e90                trace_ext_get_thread_id
                0x00000e96                printf
                0x00000ed0                puts
                0x00000ef4                putchar
 .text          0x00000f18      0x2e8 /media/wen/My_Passport/Raspbian/raspbian-tee/raspbian-tee/optee_os/out/arm/export-ta_arm32/lib/libutee.a(tee_api.o)
                0x00000f18                __utee_from_param
                0x00000f6a                __utee_to_param
                0x00000faa                TEE_OpenTASession
                0x00000fee                TEE_CloseTASession
                0x00001002                TEE_InvokeTACommand
                0x00001068                TEE_GetCancellationFlag
                0x00001084                TEE_UnmaskCancellation
                0x000010a0                TEE_MaskCancellation
                0x000010bc                TEE_CheckMemoryAccessRights
                0x000010c6                TEE_SetInstanceData
                0x000010d4                TEE_GetInstanceData
                0x000010e0                TEE_MemMove
                0x000010e4                TEE_MemCompare
                0x000010e8                TEE_MemFill
                0x000010ec                TEE_GetSystemTime
                0x00001102                TEE_Wait
                0x00001120                TEE_GetTAPersistentTime
                0x0000115c                TEE_SetTAPersistentTime
                0x00001184                TEE_GetREETime
                0x0000119a                TEE_Malloc
                0x000011e4                TEE_Realloc
                0x000011e8                TEE_Free
                0x000011ec                TEE_CacheClean
                0x000011f2                TEE_CacheFlush
                0x000011f8                TEE_CacheInvalidate
 .text          0x00001200      0x214 /media/wen/My_Passport/Raspbian/raspbian-tee/raspbian-tee/optee_os/out/arm/export-ta_arm32/lib/libutee.a(user_ta_entry.o)
                0x00001284                __utee_entry
 .text          0x00001414        0x0 /media/wen/My_Passport/Raspbian/raspbian-tee/raspbian-tee/optee_os/out/arm/export-ta_arm32/lib/libutee.a(utee_syscalls_a32.o)
 .text.utee_panic
                0x00001414       0x14 /media/wen/My_Passport/Raspbian/raspbian-tee/raspbian-tee/optee_os/out/arm/export-ta_arm32/lib/libutee.a(utee_syscalls_a32.o)
                0x00001414                utee_panic
 .text.utee_return
                0x00001428       0x14 /media/wen/My_Passport/Raspbian/raspbian-tee/raspbian-tee/optee_os/out/arm/export-ta_arm32/lib/libutee.a(utee_syscalls_a32.o)
                0x00001428                utee_return
 .text.utee_log
                0x0000143c       0x14 /media/wen/My_Passport/Raspbian/raspbian-tee/raspbian-tee/optee_os/out/arm/export-ta_arm32/lib/libutee.a(utee_syscalls_a32.o)
                0x0000143c                utee_log
 .text.__utee_panic
                0x00001450       0x14 /media/wen/My_Passport/Raspbian/raspbian-tee/raspbian-tee/optee_os/out/arm/export-ta_arm32/lib/libutee.a(utee_syscalls_a32.o)
                0x00001450                __utee_panic
 .text.utee_get_property
                0x00001464       0x18 /media/wen/My_Passport/Raspbian/raspbian-tee/raspbian-tee/optee_os/out/arm/export-ta_arm32/lib/libutee.a(utee_syscalls_a32.o)
                0x00001464                utee_get_property
 .text.utee_get_property_name_to_index
                0x0000147c       0x14 /media/wen/My_Passport/Raspbian/raspbian-tee/raspbian-tee/optee_os/out/arm/export-ta_arm32/lib/libutee.a(utee_syscalls_a32.o)
                0x0000147c                utee_get_property_name_to_index
 .text.utee_open_ta_session
                0x00001490       0x18 /media/wen/My_Passport/Raspbian/raspbian-tee/raspbian-tee/optee_os/out/arm/export-ta_arm32/lib/libutee.a(utee_syscalls_a32.o)
                0x00001490                utee_open_ta_session
 .text.utee_close_ta_session
                0x000014a8       0x14 /media/wen/My_Passport/Raspbian/raspbian-tee/raspbian-tee/optee_os/out/arm/export-ta_arm32/lib/libutee.a(utee_syscalls_a32.o)
                0x000014a8                utee_close_ta_session
 .text.utee_invoke_ta_command
                0x000014bc       0x18 /media/wen/My_Passport/Raspbian/raspbian-tee/raspbian-tee/optee_os/out/arm/export-ta_arm32/lib/libutee.a(utee_syscalls_a32.o)
                0x000014bc                utee_invoke_ta_command
 .text.utee_get_cancellation_flag
                0x000014d4       0x14 /media/wen/My_Passport/Raspbian/raspbian-tee/raspbian-tee/optee_os/out/arm/export-ta_arm32/lib/libutee.a(utee_syscalls_a32.o)
                0x000014d4                utee_get_cancellation_flag
 .text.utee_check_access_rights
                0x000014e8       0x14 /media/wen/My_Passport/Raspbian/raspbian-tee/raspbian-tee/optee_os/out/arm/export-ta_arm32/lib/libutee.a(utee_syscalls_a32.o)
                0x000014e8                utee_check_access_rights
 .text.utee_unmask_cancellation
                0x000014fc       0x14 /media/wen/My_Passport/Raspbian/raspbian-tee/raspbian-tee/optee_os/out/arm/export-ta_arm32/lib/libutee.a(utee_syscalls_a32.o)
                0x000014fc                utee_unmask_cancellation
 .text.utee_mask_cancellation
                0x00001510       0x14 /media/wen/My_Passport/Raspbian/raspbian-tee/raspbian-tee/optee_os/out/arm/export-ta_arm32/lib/libutee.a(utee_syscalls_a32.o)
                0x00001510                utee_mask_cancellation
 .text.utee_wait
                0x00001524       0x14 /media/wen/My_Passport/Raspbian/raspbian-tee/raspbian-tee/optee_os/out/arm/export-ta_arm32/lib/libutee.a(utee_syscalls_a32.o)
                0x00001524                utee_wait
 .text.utee_get_time
                0x00001538       0x14 /media/wen/My_Passport/Raspbian/raspbian-tee/raspbian-tee/optee_os/out/arm/export-ta_arm32/lib/libutee.a(utee_syscalls_a32.o)
                0x00001538                utee_get_time
 .text.utee_set_ta_time
                0x0000154c       0x14 /media/wen/My_Passport/Raspbian/raspbian-tee/raspbian-tee/optee_os/out/arm/export-ta_arm32/lib/libutee.a(utee_syscalls_a32.o)
                0x0000154c                utee_set_ta_time
 .text.utee_cryp_state_alloc
                0x00001560       0x18 /media/wen/My_Passport/Raspbian/raspbian-tee/raspbian-tee/optee_os/out/arm/export-ta_arm32/lib/libutee.a(utee_syscalls_a32.o)
                0x00001560                utee_cryp_state_alloc
 .text.utee_cryp_state_copy
                0x00001578       0x14 /media/wen/My_Passport/Raspbian/raspbian-tee/raspbian-tee/optee_os/out/arm/export-ta_arm32/lib/libutee.a(utee_syscalls_a32.o)
                0x00001578                utee_cryp_state_copy
 .text.utee_cryp_state_free
                0x0000158c       0x14 /media/wen/My_Passport/Raspbian/raspbian-tee/raspbian-tee/optee_os/out/arm/export-ta_arm32/lib/libutee.a(utee_syscalls_a32.o)
                0x0000158c                utee_cryp_state_free
 .text.utee_hash_init
                0x000015a0       0x14 /media/wen/My_Passport/Raspbian/raspbian-tee/raspbian-tee/optee_os/out/arm/export-ta_arm32/lib/libutee.a(utee_syscalls_a32.o)
                0x000015a0                utee_hash_init
 .text.utee_hash_update
                0x000015b4       0x14 /media/wen/My_Passport/Raspbian/raspbian-tee/raspbian-tee/optee_os/out/arm/export-ta_arm32/lib/libutee.a(utee_syscalls_a32.o)
                0x000015b4                utee_hash_update
 .text.utee_hash_final
                0x000015c8       0x18 /media/wen/My_Passport/Raspbian/raspbian-tee/raspbian-tee/optee_os/out/arm/export-ta_arm32/lib/libutee.a(utee_syscalls_a32.o)
                0x000015c8                utee_hash_final
 .text.utee_cipher_init
                0x000015e0       0x14 /media/wen/My_Passport/Raspbian/raspbian-tee/raspbian-tee/optee_os/out/arm/export-ta_arm32/lib/libutee.a(utee_syscalls_a32.o)
                0x000015e0                utee_cipher_init
 .text.utee_cipher_update
                0x000015f4       0x18 /media/wen/My_Passport/Raspbian/raspbian-tee/raspbian-tee/optee_os/out/arm/export-ta_arm32/lib/libutee.a(utee_syscalls_a32.o)
                0x000015f4                utee_cipher_update
 .text.utee_cipher_final
                0x0000160c       0x18 /media/wen/My_Passport/Raspbian/raspbian-tee/raspbian-tee/optee_os/out/arm/export-ta_arm32/lib/libutee.a(utee_syscalls_a32.o)
                0x0000160c                utee_cipher_final
 .text.utee_cryp_obj_get_info
                0x00001624       0x14 /media/wen/My_Passport/Raspbian/raspbian-tee/raspbian-tee/optee_os/out/arm/export-ta_arm32/lib/libutee.a(utee_syscalls_a32.o)
                0x00001624                utee_cryp_obj_get_info
 .text.utee_cryp_obj_restrict_usage
                0x00001638       0x14 /media/wen/My_Passport/Raspbian/raspbian-tee/raspbian-tee/optee_os/out/arm/export-ta_arm32/lib/libutee.a(utee_syscalls_a32.o)
                0x00001638                utee_cryp_obj_restrict_usage
 .text.utee_cryp_obj_get_attr
                0x0000164c       0x14 /media/wen/My_Passport/Raspbian/raspbian-tee/raspbian-tee/optee_os/out/arm/export-ta_arm32/lib/libutee.a(utee_syscalls_a32.o)
                0x0000164c                utee_cryp_obj_get_attr
 .text.utee_cryp_obj_alloc
                0x00001660       0x14 /media/wen/My_Passport/Raspbian/raspbian-tee/raspbian-tee/optee_os/out/arm/export-ta_arm32/lib/libutee.a(utee_syscalls_a32.o)
                0x00001660                utee_cryp_obj_alloc
 .text.utee_cryp_obj_close
                0x00001674       0x14 /media/wen/My_Passport/Raspbian/raspbian-tee/raspbian-tee/optee_os/out/arm/export-ta_arm32/lib/libutee.a(utee_syscalls_a32.o)
                0x00001674                utee_cryp_obj_close
 .text.utee_cryp_obj_reset
                0x00001688       0x14 /media/wen/My_Passport/Raspbian/raspbian-tee/raspbian-tee/optee_os/out/arm/export-ta_arm32/lib/libutee.a(utee_syscalls_a32.o)
                0x00001688                utee_cryp_obj_reset
 .text.utee_cryp_obj_populate
                0x0000169c       0x14 /media/wen/My_Passport/Raspbian/raspbian-tee/raspbian-tee/optee_os/out/arm/export-ta_arm32/lib/libutee.a(utee_syscalls_a32.o)
                0x0000169c                utee_cryp_obj_populate
 .text.utee_cryp_obj_copy
                0x000016b0       0x14 /media/wen/My_Passport/Raspbian/raspbian-tee/raspbian-tee/optee_os/out/arm/export-ta_arm32/lib/libutee.a(utee_syscalls_a32.o)
                0x000016b0                utee_cryp_obj_copy
 .text.utee_cryp_derive_key
                0x000016c4       0x14 /media/wen/My_Passport/Raspbian/raspbian-tee/raspbian-tee/optee_os/out/arm/export-ta_arm32/lib/libutee.a(utee_syscalls_a32.o)
                0x000016c4                utee_cryp_derive_key
 .text.utee_cryp_random_number_generate
                0x000016d8       0x14 /media/wen/My_Passport/Raspbian/raspbian-tee/raspbian-tee/optee_os/out/arm/export-ta_arm32/lib/libutee.a(utee_syscalls_a32.o)
                0x000016d8                utee_cryp_random_number_generate
 .text.utee_authenc_init
                0x000016ec       0x18 /media/wen/My_Passport/Raspbian/raspbian-tee/raspbian-tee/optee_os/out/arm/export-ta_arm32/lib/libutee.a(utee_syscalls_a32.o)
                0x000016ec                utee_authenc_init
 .text.utee_authenc_update_aad
                0x00001704       0x14 /media/wen/My_Passport/Raspbian/raspbian-tee/raspbian-tee/optee_os/out/arm/export-ta_arm32/lib/libutee.a(utee_syscalls_a32.o)
                0x00001704                utee_authenc_update_aad
 .text.utee_authenc_update_payload
                0x00001718       0x18 /media/wen/My_Passport/Raspbian/raspbian-tee/raspbian-tee/optee_os/out/arm/export-ta_arm32/lib/libutee.a(utee_syscalls_a32.o)
                0x00001718                utee_authenc_update_payload
 .text.utee_authenc_enc_final
                0x00001730       0x18 /media/wen/My_Passport/Raspbian/raspbian-tee/raspbian-tee/optee_os/out/arm/export-ta_arm32/lib/libutee.a(utee_syscalls_a32.o)
                0x00001730                utee_authenc_enc_final
 .text.utee_authenc_dec_final
                0x00001748       0x18 /media/wen/My_Passport/Raspbian/raspbian-tee/raspbian-tee/optee_os/out/arm/export-ta_arm32/lib/libutee.a(utee_syscalls_a32.o)
                0x00001748                utee_authenc_dec_final
 .text.utee_asymm_operate
                0x00001760       0x18 /media/wen/My_Passport/Raspbian/raspbian-tee/raspbian-tee/optee_os/out/arm/export-ta_arm32/lib/libutee.a(utee_syscalls_a32.o)
                0x00001760                utee_asymm_operate
 .text.utee_asymm_verify
                0x00001778       0x18 /media/wen/My_Passport/Raspbian/raspbian-tee/raspbian-tee/optee_os/out/arm/export-ta_arm32/lib/libutee.a(utee_syscalls_a32.o)
                0x00001778                utee_asymm_verify
 .text.utee_storage_obj_open
                0x00001790       0x18 /media/wen/My_Passport/Raspbian/raspbian-tee/raspbian-tee/optee_os/out/arm/export-ta_arm32/lib/libutee.a(utee_syscalls_a32.o)
                0x00001790                utee_storage_obj_open
 .text.utee_storage_obj_create
                0x000017a8       0x18 /media/wen/My_Passport/Raspbian/raspbian-tee/raspbian-tee/optee_os/out/arm/export-ta_arm32/lib/libutee.a(utee_syscalls_a32.o)
                0x000017a8                utee_storage_obj_create
 .text.utee_storage_obj_del
                0x000017c0       0x14 /media/wen/My_Passport/Raspbian/raspbian-tee/raspbian-tee/optee_os/out/arm/export-ta_arm32/lib/libutee.a(utee_syscalls_a32.o)
                0x000017c0                utee_storage_obj_del
 .text.utee_storage_obj_rename
                0x000017d4       0x14 /media/wen/My_Passport/Raspbian/raspbian-tee/raspbian-tee/optee_os/out/arm/export-ta_arm32/lib/libutee.a(utee_syscalls_a32.o)
                0x000017d4                utee_storage_obj_rename
 .text.utee_storage_alloc_enum
                0x000017e8       0x14 /media/wen/My_Passport/Raspbian/raspbian-tee/raspbian-tee/optee_os/out/arm/export-ta_arm32/lib/libutee.a(utee_syscalls_a32.o)
                0x000017e8                utee_storage_alloc_enum
 .text.utee_storage_free_enum
                0x000017fc       0x14 /media/wen/My_Passport/Raspbian/raspbian-tee/raspbian-tee/optee_os/out/arm/export-ta_arm32/lib/libutee.a(utee_syscalls_a32.o)
                0x000017fc                utee_storage_free_enum
 .text.utee_storage_reset_enum
                0x00001810       0x14 /media/wen/My_Passport/Raspbian/raspbian-tee/raspbian-tee/optee_os/out/arm/export-ta_arm32/lib/libutee.a(utee_syscalls_a32.o)
                0x00001810                utee_storage_reset_enum
 .text.utee_storage_start_enum
                0x00001824       0x14 /media/wen/My_Passport/Raspbian/raspbian-tee/raspbian-tee/optee_os/out/arm/export-ta_arm32/lib/libutee.a(utee_syscalls_a32.o)
                0x00001824                utee_storage_start_enum
 .text.utee_storage_next_enum
                0x00001838       0x14 /media/wen/My_Passport/Raspbian/raspbian-tee/raspbian-tee/optee_os/out/arm/export-ta_arm32/lib/libutee.a(utee_syscalls_a32.o)
                0x00001838                utee_storage_next_enum
 .text.utee_storage_obj_read
                0x0000184c       0x14 /media/wen/My_Passport/Raspbian/raspbian-tee/raspbian-tee/optee_os/out/arm/export-ta_arm32/lib/libutee.a(utee_syscalls_a32.o)
                0x0000184c                utee_storage_obj_read
 .text.utee_storage_obj_write
                0x00001860       0x14 /media/wen/My_Passport/Raspbian/raspbian-tee/raspbian-tee/optee_os/out/arm/export-ta_arm32/lib/libutee.a(utee_syscalls_a32.o)
                0x00001860                utee_storage_obj_write
 .text.utee_storage_obj_trunc
                0x00001874       0x14 /media/wen/My_Passport/Raspbian/raspbian-tee/raspbian-tee/optee_os/out/arm/export-ta_arm32/lib/libutee.a(utee_syscalls_a32.o)
                0x00001874                utee_storage_obj_trunc
 .text.utee_storage_obj_seek
                0x00001888       0x14 /media/wen/My_Passport/Raspbian/raspbian-tee/raspbian-tee/optee_os/out/arm/export-ta_arm32/lib/libutee.a(utee_syscalls_a32.o)
                0x00001888                utee_storage_obj_seek
 .text.utee_cryp_obj_generate_key
                0x0000189c       0x14 /media/wen/My_Passport/Raspbian/raspbian-tee/raspbian-tee/optee_os/out/arm/export-ta_arm32/lib/libutee.a(utee_syscalls_a32.o)
                0x0000189c                utee_cryp_obj_generate_key
 .text.utee_cache_operation
                0x000018b0       0x14 /media/wen/My_Passport/Raspbian/raspbian-tee/raspbian-tee/optee_os/out/arm/export-ta_arm32/lib/libutee.a(utee_syscalls_a32.o)
                0x000018b0                utee_cache_operation
 .text.__utee_mcount
                0x000018c4        0xc /media/wen/My_Passport/Raspbian/raspbian-tee/raspbian-tee/optee_os/out/arm/export-ta_arm32/lib/libutee.a(gprof_a32.o)
                0x000018c4                __utee_mcount
 .text          0x000018d0     0x1018 /media/wen/My_Passport/Raspbian/raspbian-tee/raspbian-tee/optee_os/out/arm/export-ta_arm32/lib/libutee.a(tee_api_arith_mpi.o)
                0x00001e7c                _TEE_MathAPI_Init
                0x00001ec0                TEE_BigIntInit
                0x00001f00                TEE_BigIntConvertFromOctetString
                0x00001f40                TEE_BigIntConvertToOctetString
                0x00001f98                TEE_BigIntConvertFromS32
                0x00001fd0                TEE_BigIntConvertToS32
                0x00002028                TEE_BigIntCmp
                0x0000205c                TEE_BigIntCmpS32
                0x0000216c                TEE_BigIntShiftRight
                0x00002260                TEE_BigIntGetBit
                0x0000228a                TEE_BigIntGetBitCount
                0x000022ac                TEE_BigIntAdd
                0x000022c8                TEE_BigIntSub
                0x000022e4                TEE_BigIntNeg
                0x0000233c                TEE_BigIntMul
                0x000023e0                TEE_BigIntSquare
                0x000023e6                TEE_BigIntDiv
                0x00002494                TEE_BigIntMod
                0x000024e4                TEE_BigIntAddMod
                0x00002500                TEE_BigIntSubMod
                0x0000251c                TEE_BigIntMulMod
                0x00002538                TEE_BigIntSquareMod
                0x00002540                TEE_BigIntInvMod
                0x000025e4                TEE_BigIntRelativePrime
                0x00002664                TEE_BigIntComputeExtendedGcd
                0x000027b8                TEE_BigIntIsProbablePrime
                0x000027e8                TEE_BigIntInitFMM
                0x000027ec                TEE_BigIntInitFMMContext
                0x000027ee                TEE_BigIntFMMSizeInU32
                0x000027f6                TEE_BigIntFMMContextSizeInU32
                0x000027fa                TEE_BigIntConvertToFMM
                0x000027fe                TEE_BigIntConvertFromFMM
                0x00002848                TEE_BigIntComputeFMM
 .text.unlikely
                0x000028e8       0x20 /media/wen/My_Passport/Raspbian/raspbian-tee/raspbian-tee/optee_os/out/arm/export-ta_arm32/lib/libutee.a(tee_api_arith_mpi.o)
 .text          0x00002908     0x26ec /media/wen/My_Passport/Raspbian/raspbian-tee/raspbian-tee/optee_os/out/arm/export-ta_arm32/lib/libmbedtls.a(bignum.o)
                0x00002d66                mbedtls_mpi_init
                0x00002d78                mbedtls_mpi_init_mempool
                0x00002d9c                mbedtls_mpi_init_static
                0x00002dae                mbedtls_mpi_free
                0x00002dfc                mbedtls_mpi_grow
                0x00002ea4                mbedtls_mpi_shrink
                0x00002f74                mbedtls_mpi_copy
                0x00002fca                mbedtls_mpi_swap
                0x00002ff8                mbedtls_mpi_safe_cond_assign
                0x00003064                mbedtls_mpi_safe_cond_swap
                0x000030ea                mbedtls_mpi_lset
                0x00003122                mbedtls_mpi_get_bit
                0x00003142                mbedtls_mpi_set_bit
                0x00003192                mbedtls_mpi_lsb
                0x000031c0                mbedtls_mpi_bitlen
                0x00003204                mbedtls_mpi_size
                0x00003210                mbedtls_mpi_read_binary
                0x00003276                mbedtls_mpi_write_binary
                0x000032bc                mbedtls_mpi_shift_l
                0x00003354                mbedtls_mpi_shift_r
                0x000033cc                mbedtls_mpi_cmp_abs
                0x0000343a                mbedtls_mpi_cmp_mpi
                0x000034d0                mbedtls_mpi_cmp_int
                0x00003500                mbedtls_mpi_add_abs
                0x000035b6                mbedtls_mpi_sub_abs
                0x00003636                mbedtls_mpi_add_mpi
                0x0000367e                mbedtls_mpi_sub_mpi
                0x000036ca                mbedtls_mpi_add_int
                0x000036fa                mbedtls_mpi_sub_int
                0x0000372a                mbedtls_mpi_mul_mpi
                0x00003806                mbedtls_mpi_mul_int
                0x00003824                mbedtls_mpi_read_string
                0x00003950                mbedtls_mpi_div_mpi
                0x00003cf2                mbedtls_mpi_div_int
                0x00003d20                mbedtls_mpi_mod_mpi
                0x00003d84                mbedtls_mpi_mod_int
                0x00003e2a                mbedtls_mpi_write_string
                0x00003fb4                mbedtls_mpi_montg_init
                0x00003fdc                mbedtls_mpi_montmul
                0x000040a0                mbedtls_mpi_montred
                0x000040c4                mbedtls_mpi_exp_mod
                0x0000450a                mbedtls_mpi_gcd
                0x0000461e                mbedtls_mpi_fill_random
                0x00004866                mbedtls_mpi_inv_mod
                0x00004b36                mbedtls_mpi_is_prime
                0x00004b92                mbedtls_mpi_gen_prime
                0x00004cc8                mbedtls_mpi_self_test
 .text          0x00004ff4      0xbb8 /media/wen/My_Passport/Raspbian/raspbian-tee/raspbian-tee/optee_os/out/arm/export-ta_arm32/lib/libutils.a(bget_malloc.o)
                0x000050fc                bget
                0x00005268                bgetz
                0x000052c4                brel
                0x000054bc                bgetr
                0x00005538                bpool
                0x000055d4                bstats
                0x00005638                malloc_reset_stats
                0x0000564c                malloc_get_stats
                0x0000566c                malloc
                0x0000566e                free
                0x00005680                calloc
                0x000056c8                realloc
                0x00005700                memalign
                0x000059bc                malloc_add_pool
                0x00005a90                malloc_buffer_is_within_alloced
                0x00005b6c                malloc_buffer_overlaps_heap
 .text          0x00005bac      0x104 /media/wen/My_Passport/Raspbian/raspbian-tee/raspbian-tee/optee_os/out/arm/export-ta_arm32/lib/libutils.a(mempool.o)
                0x00005bac                mempool_alloc_pool
                0x00005bf0                mempool_alloc
                0x00005c5c                mempool_calloc
                0x00005c80                mempool_free
 .text          0x00005cb0       0x38 /media/wen/My_Passport/Raspbian/raspbian-tee/raspbian-tee/optee_os/out/arm/export-ta_arm32/lib/libutee.a(assert.o)
                0x00005cb0                _assert_log
                0x00005cd8                _assert_break
 .text          0x00005ce8        0x4 ./user_ta_header.o
                0x00005ce8                tahead_get_trace_level
 .text          0x00005cec       0x16 /media/wen/My_Passport/Raspbian/raspbian-tee/raspbian-tee/optee_os/out/arm/export-ta_arm32/lib/libutils.a(memcpy.o)
                0x00005cec                memcpy
 .text          0x00005d02       0x10 /media/wen/My_Passport/Raspbian/raspbian-tee/raspbian-tee/optee_os/out/arm/export-ta_arm32/lib/libutils.a(memset.o)
                0x00005d02                memset
 .text          0x00005d12        0x6 /media/wen/My_Passport/Raspbian/raspbian-tee/raspbian-tee/optee_os/out/arm/export-ta_arm32/lib/libutils.a(aeabi_unwind.o)
                0x00005d12                __aeabi_unwind_cpp_pr0
                0x00005d14                __aeabi_unwind_cpp_pr1
                0x00005d16                __aeabi_unwind_cpp_pr2
 .text          0x00005d18       0x1c /media/wen/My_Passport/Raspbian/raspbian-tee/raspbian-tee/optee_os/out/arm/export-ta_arm32/lib/libutils.a(memchr.o)
                0x00005d18                memchr
 .text          0x00005d34       0x10 /media/wen/My_Passport/Raspbian/raspbian-tee/raspbian-tee/optee_os/out/arm/export-ta_arm32/lib/libutils.a(strlen.o)
                0x00005d34                strlen
 .text          0x00005d44      0x160 /media/wen/My_Passport/Raspbian/raspbian-tee/raspbian-tee/optee_os/out/arm/export-ta_arm32/lib/libutils.a(arm32_aeabi_ldivmod.o)
                0x00005d44                __ul_divmod
                0x00005db8                __l_divmod
 .text          0x00005ea4        0x4 /media/wen/My_Passport/Raspbian/raspbian-tee/raspbian-tee/optee_os/out/arm/export-ta_arm32/lib/libutee.a(tee_api_panic.o)
                0x00005ea4                TEE_Panic
 .text          0x00005ea8       0x2c /media/wen/My_Passport/Raspbian/raspbian-tee/raspbian-tee/optee_os/out/arm/export-ta_arm32/lib/libutils.a(snprintf.o)
                0x00005ea8                snprintf
                0x00005ec6                vsnprintf
 .text          0x00005ed4       0x1e /media/wen/My_Passport/Raspbian/raspbian-tee/raspbian-tee/optee_os/out/arm/export-ta_arm32/lib/libutils.a(memcmp.o)
                0x00005ed4                memcmp
 .text          0x00005ef2       0x34 /media/wen/My_Passport/Raspbian/raspbian-tee/raspbian-tee/optee_os/out/arm/export-ta_arm32/lib/libutils.a(memmove.o)
                0x00005ef2                memmove
 .text          0x00005f26        0x0 /media/wen/My_Passport/Raspbian/raspbian-tee/raspbian-tee/optee_os/out/arm/export-ta_arm32/lib/libutils.a(arm32_aeabi_ldivmod_a32.o)
 .text          0x00005f26        0x0 /media/wen/My_Passport/Raspbian/raspbian-tee/raspbian-tee/optee_os/out/arm/export-ta_arm32/lib/libutee.a(gprof_a32.o)
 *fill*         0x00005f26        0x2 
 .text.__stub   0x00005f28       0x40 linker stubs
 *(SORT(.stub))
 *(SORT(.glue_7))
 .glue_7        0x00005f68        0x0 linker stubs
 *(SORT(.glue_7t))
 .glue_7t       0x00005f68        0x0 linker stubs
 *(SORT(.gnu.linkonce.t.*))
 *(SORT(.vfp11_veneer))
 .vfp11_veneer  0x00005f68        0x0 linker stubs
                [!provide]                PROVIDE (__gnu_mcount_nc, __utee_mcount)
                0x00005f68                __text_end = .

.v4_bx          0x00005f68        0x0
 .v4_bx         0x00005f68        0x0 linker stubs

.iplt           0x00005f68        0x0
 .iplt          0x00005f68        0x0 ./socket_test_ta.o

.plt            0x00005f68        0x0
 *(SORT(.plt))
 .plt           0x00005f68        0x0 ./socket_test_ta.o

.eh_frame
 *(SORT(.eh_frame))

.rodata         0x00005f68     0x103b
 *(SORT(.gnu.linkonce.r.*))
 *(SORT(.rodata) SORT(.rodata.*))
 .rodata.socket_test_ta.c
                0x00005f68       0x6c ./socket_test_ta.o
 .rodata.user_ta_header.c
                0x00005fd4       0x17 ./user_ta_header.o
                0x00005fd4                ta_num_props
                0x00005fe4                ta_heap_size
                0x00005fe8                trace_ext_prefix
 *fill*         0x00005feb        0x1 
 .rodata.lib/libmbedtls/mbedtls/library/bignum.c
                0x00005fec      0x2c4 /media/wen/My_Passport/Raspbian/raspbian-tee/raspbian-tee/optee_os/out/arm/export-ta_arm32/lib/libmbedtls.a(bignum.o)
 .rodata.str1.1.socket_test_ta.c
                0x000062b0       0x38 ./socket_test_ta.o
 .rodata.str1.1.user_ta_header.c
                0x000062e8       0x96 ./user_ta_header.o
 .rodata.lib/libutils/ext/trace.c
                0x0000637e        0x5 /media/wen/My_Passport/Raspbian/raspbian-tee/raspbian-tee/optee_os/out/arm/export-ta_arm32/lib/libutils.a(trace.o)
 .rodata.str1.1.lib/libutils/ext/trace.c
                0x00006383       0x1a /media/wen/My_Passport/Raspbian/raspbian-tee/raspbian-tee/optee_os/out/arm/export-ta_arm32/lib/libutils.a(trace.o)
                                 0x1b (size before relaxing)
 .rodata.lib/libutils/ext/snprintk.c
                0x0000639d       0x22 /media/wen/My_Passport/Raspbian/raspbian-tee/raspbian-tee/optee_os/out/arm/export-ta_arm32/lib/libutils.a(snprintk.o)
 .rodata.str1.1.lib/libutils/ext/snprintk.c
                0x000063bf       0x38 /media/wen/My_Passport/Raspbian/raspbian-tee/raspbian-tee/optee_os/out/arm/export-ta_arm32/lib/libutils.a(snprintk.o)
 .rodata.str1.1.lib/libutee/trace_ext.c
                0x000063f7       0x38 /media/wen/My_Passport/Raspbian/raspbian-tee/raspbian-tee/optee_os/out/arm/export-ta_arm32/lib/libutee.a(trace_ext.o)
                                  0x2 (size before relaxing)
 .rodata.lib/libutee/tee_api.c
                0x000063f7        0xb /media/wen/My_Passport/Raspbian/raspbian-tee/raspbian-tee/optee_os/out/arm/export-ta_arm32/lib/libutee.a(tee_api.o)
 .rodata.str1.1.lib/libutee/tee_api.c
                0x00006402       0x11 /media/wen/My_Passport/Raspbian/raspbian-tee/raspbian-tee/optee_os/out/arm/export-ta_arm32/lib/libutee.a(tee_api.o)
 .rodata.lib/libutee/tee_api_arith_mpi.c
                0x00006413      0x143 /media/wen/My_Passport/Raspbian/raspbian-tee/raspbian-tee/optee_os/out/arm/export-ta_arm32/lib/libutee.a(tee_api_arith_mpi.o)
 .rodata.str1.1.lib/libutee/tee_api_arith_mpi.c
                0x00006556       0xb7 /media/wen/My_Passport/Raspbian/raspbian-tee/raspbian-tee/optee_os/out/arm/export-ta_arm32/lib/libutee.a(tee_api_arith_mpi.o)
 .rodata.str1.1.lib/libmbedtls/mbedtls/library/bignum.c
                0x0000660d      0x45d /media/wen/My_Passport/Raspbian/raspbian-tee/raspbian-tee/optee_os/out/arm/export-ta_arm32/lib/libmbedtls.a(bignum.o)
 .rodata.lib/libutils/isoc/bget_malloc.c
                0x00006a6a       0x8a /media/wen/My_Passport/Raspbian/raspbian-tee/raspbian-tee/optee_os/out/arm/export-ta_arm32/lib/libutils.a(bget_malloc.o)
 .rodata.str1.1.lib/libutils/isoc/bget_malloc.c
                0x00006af4      0x3f0 /media/wen/My_Passport/Raspbian/raspbian-tee/raspbian-tee/optee_os/out/arm/export-ta_arm32/lib/libutils.a(bget_malloc.o)
                                0x3f9 (size before relaxing)
 .rodata.lib/libutils/ext/mempool.c
                0x00006ee4       0x21 /media/wen/My_Passport/Raspbian/raspbian-tee/raspbian-tee/optee_os/out/arm/export-ta_arm32/lib/libutils.a(mempool.o)
 .rodata.str1.1.lib/libutils/ext/mempool.c
                0x00006f05       0x77 /media/wen/My_Passport/Raspbian/raspbian-tee/raspbian-tee/optee_os/out/arm/export-ta_arm32/lib/libutils.a(mempool.o)
 .rodata.str1.1.lib/libutee/assert.c
                0x00006f7c       0x27 /media/wen/My_Passport/Raspbian/raspbian-tee/raspbian-tee/optee_os/out/arm/export-ta_arm32/lib/libutee.a(assert.o)

.ARM.extab      0x00006fa4       0xcc
 .ARM.extab     0x00006fa4       0x18 ./socket_test_ta.o
 .ARM.extab     0x00006fbc        0x0 ./user_ta_header.o
 .ARM.extab     0x00006fbc        0x0 /media/wen/My_Passport/Raspbian/raspbian-tee/raspbian-tee/optee_os/out/arm/export-ta_arm32/lib/libutils.a(memcpy.o)
 .ARM.extab     0x00006fbc        0x0 /media/wen/My_Passport/Raspbian/raspbian-tee/raspbian-tee/optee_os/out/arm/export-ta_arm32/lib/libutils.a(memset.o)
 .ARM.extab     0x00006fbc        0x0 /media/wen/My_Passport/Raspbian/raspbian-tee/raspbian-tee/optee_os/out/arm/export-ta_arm32/lib/libutils.a(trace.o)
 .ARM.extab     0x00006fbc        0x0 /media/wen/My_Passport/Raspbian/raspbian-tee/raspbian-tee/optee_os/out/arm/export-ta_arm32/lib/libutils.a(aeabi_unwind.o)
 .ARM.extab     0x00006fbc        0xc /media/wen/My_Passport/Raspbian/raspbian-tee/raspbian-tee/optee_os/out/arm/export-ta_arm32/lib/libutils.a(snprintk.o)
 .ARM.extab     0x00006fc8        0x0 /media/wen/My_Passport/Raspbian/raspbian-tee/raspbian-tee/optee_os/out/arm/export-ta_arm32/lib/libutils.a(memchr.o)
 .ARM.extab     0x00006fc8        0x0 /media/wen/My_Passport/Raspbian/raspbian-tee/raspbian-tee/optee_os/out/arm/export-ta_arm32/lib/libutils.a(strlen.o)
 .ARM.extab     0x00006fc8        0x0 /media/wen/My_Passport/Raspbian/raspbian-tee/raspbian-tee/optee_os/out/arm/export-ta_arm32/lib/libutils.a(arm32_aeabi_ldivmod.o)
 .ARM.extab     0x00006fc8        0xc /media/wen/My_Passport/Raspbian/raspbian-tee/raspbian-tee/optee_os/out/arm/export-ta_arm32/lib/libutee.a(trace_ext.o)
 .ARM.extab     0x00006fd4       0x24 /media/wen/My_Passport/Raspbian/raspbian-tee/raspbian-tee/optee_os/out/arm/export-ta_arm32/lib/libutee.a(tee_api.o)
 .ARM.extab     0x00006ff8        0x0 /media/wen/My_Passport/Raspbian/raspbian-tee/raspbian-tee/optee_os/out/arm/export-ta_arm32/lib/libutee.a(tee_api_panic.o)
 .ARM.extab     0x00006ff8        0x0 /media/wen/My_Passport/Raspbian/raspbian-tee/raspbian-tee/optee_os/out/arm/export-ta_arm32/lib/libutee.a(user_ta_entry.o)
 .ARM.extab     0x00006ff8       0x24 /media/wen/My_Passport/Raspbian/raspbian-tee/raspbian-tee/optee_os/out/arm/export-ta_arm32/lib/libutee.a(tee_api_arith_mpi.o)
 .ARM.extab     0x0000701c       0x24 /media/wen/My_Passport/Raspbian/raspbian-tee/raspbian-tee/optee_os/out/arm/export-ta_arm32/lib/libmbedtls.a(bignum.o)
 .ARM.extab     0x00007040       0x18 /media/wen/My_Passport/Raspbian/raspbian-tee/raspbian-tee/optee_os/out/arm/export-ta_arm32/lib/libutils.a(bget_malloc.o)
 .ARM.extab     0x00007058        0xc /media/wen/My_Passport/Raspbian/raspbian-tee/raspbian-tee/optee_os/out/arm/export-ta_arm32/lib/libutils.a(snprintf.o)
 .ARM.extab     0x00007064        0x0 /media/wen/My_Passport/Raspbian/raspbian-tee/raspbian-tee/optee_os/out/arm/export-ta_arm32/lib/libutils.a(memcmp.o)
 .ARM.extab     0x00007064        0x0 /media/wen/My_Passport/Raspbian/raspbian-tee/raspbian-tee/optee_os/out/arm/export-ta_arm32/lib/libutils.a(memmove.o)
 .ARM.extab     0x00007064        0x0 /media/wen/My_Passport/Raspbian/raspbian-tee/raspbian-tee/optee_os/out/arm/export-ta_arm32/lib/libutils.a(mempool.o)
 .ARM.extab     0x00007064        0xc /media/wen/My_Passport/Raspbian/raspbian-tee/raspbian-tee/optee_os/out/arm/export-ta_arm32/lib/libutee.a(assert.o)

.gnu.version_d  0x00007070        0x0
 .gnu.version_d
                0x00007070        0x0 ./socket_test_ta.o

.gnu.version    0x00007070        0x0
 .gnu.version   0x00007070        0x0 ./socket_test_ta.o

.gnu.version_r  0x00007070        0x0
 .gnu.version_r
                0x00007070        0x0 ./socket_test_ta.o

.ARM.extab.text.__aeabi_ldivmod
                0x00007070        0xc
 .ARM.extab.text.__aeabi_ldivmod
                0x00007070        0xc /media/wen/My_Passport/Raspbian/raspbian-tee/raspbian-tee/optee_os/out/arm/export-ta_arm32/lib/libutils.a(arm32_aeabi_ldivmod_a32.o)

.ARM.extab.text.__aeabi_uldivmod
                0x0000707c        0xc
 .ARM.extab.text.__aeabi_uldivmod
                0x0000707c        0xc /media/wen/My_Passport/Raspbian/raspbian-tee/raspbian-tee/optee_os/out/arm/export-ta_arm32/lib/libutils.a(arm32_aeabi_ldivmod_a32.o)

.ARM.extab.text.utee_panic
                0x00007088        0xc
 .ARM.extab.text.utee_panic
                0x00007088        0xc /media/wen/My_Passport/Raspbian/raspbian-tee/raspbian-tee/optee_os/out/arm/export-ta_arm32/lib/libutee.a(utee_syscalls_a32.o)

.ARM.extab.text.utee_return
                0x00007094        0x0
 .ARM.extab.text.utee_return
                0x00007094        0x0 /media/wen/My_Passport/Raspbian/raspbian-tee/raspbian-tee/optee_os/out/arm/export-ta_arm32/lib/libutee.a(utee_syscalls_a32.o)

.ARM.extab.text.utee_log
                0x00007094        0x0
 .ARM.extab.text.utee_log
                0x00007094        0x0 /media/wen/My_Passport/Raspbian/raspbian-tee/raspbian-tee/optee_os/out/arm/export-ta_arm32/lib/libutee.a(utee_syscalls_a32.o)

.ARM.extab.text.__utee_panic
                0x00007094        0x0
 .ARM.extab.text.__utee_panic
                0x00007094        0x0 /media/wen/My_Passport/Raspbian/raspbian-tee/raspbian-tee/optee_os/out/arm/export-ta_arm32/lib/libutee.a(utee_syscalls_a32.o)

.ARM.extab.text.utee_get_property
                0x00007094        0x0
 .ARM.extab.text.utee_get_property
                0x00007094        0x0 /media/wen/My_Passport/Raspbian/raspbian-tee/raspbian-tee/optee_os/out/arm/export-ta_arm32/lib/libutee.a(utee_syscalls_a32.o)

.ARM.extab.text.utee_get_property_name_to_index
                0x00007094        0x0
 .ARM.extab.text.utee_get_property_name_to_index
                0x00007094        0x0 /media/wen/My_Passport/Raspbian/raspbian-tee/raspbian-tee/optee_os/out/arm/export-ta_arm32/lib/libutee.a(utee_syscalls_a32.o)

.ARM.extab.text.utee_open_ta_session
                0x00007094        0x0
 .ARM.extab.text.utee_open_ta_session
                0x00007094        0x0 /media/wen/My_Passport/Raspbian/raspbian-tee/raspbian-tee/optee_os/out/arm/export-ta_arm32/lib/libutee.a(utee_syscalls_a32.o)

.ARM.extab.text.utee_close_ta_session
                0x00007094        0x0
 .ARM.extab.text.utee_close_ta_session
                0x00007094        0x0 /media/wen/My_Passport/Raspbian/raspbian-tee/raspbian-tee/optee_os/out/arm/export-ta_arm32/lib/libutee.a(utee_syscalls_a32.o)

.ARM.extab.text.utee_invoke_ta_command
                0x00007094        0x0
 .ARM.extab.text.utee_invoke_ta_command
                0x00007094        0x0 /media/wen/My_Passport/Raspbian/raspbian-tee/raspbian-tee/optee_os/out/arm/export-ta_arm32/lib/libutee.a(utee_syscalls_a32.o)

.ARM.extab.text.utee_get_cancellation_flag
                0x00007094        0x0
 .ARM.extab.text.utee_get_cancellation_flag
                0x00007094        0x0 /media/wen/My_Passport/Raspbian/raspbian-tee/raspbian-tee/optee_os/out/arm/export-ta_arm32/lib/libutee.a(utee_syscalls_a32.o)

.ARM.extab.text.utee_check_access_rights
                0x00007094        0x0
 .ARM.extab.text.utee_check_access_rights
                0x00007094        0x0 /media/wen/My_Passport/Raspbian/raspbian-tee/raspbian-tee/optee_os/out/arm/export-ta_arm32/lib/libutee.a(utee_syscalls_a32.o)

.ARM.extab.text.utee_unmask_cancellation
                0x00007094        0x0
 .ARM.extab.text.utee_unmask_cancellation
                0x00007094        0x0 /media/wen/My_Passport/Raspbian/raspbian-tee/raspbian-tee/optee_os/out/arm/export-ta_arm32/lib/libutee.a(utee_syscalls_a32.o)

.ARM.extab.text.utee_mask_cancellation
                0x00007094        0x0
 .ARM.extab.text.utee_mask_cancellation
                0x00007094        0x0 /media/wen/My_Passport/Raspbian/raspbian-tee/raspbian-tee/optee_os/out/arm/export-ta_arm32/lib/libutee.a(utee_syscalls_a32.o)

.ARM.extab.text.utee_wait
                0x00007094        0x0
 .ARM.extab.text.utee_wait
                0x00007094        0x0 /media/wen/My_Passport/Raspbian/raspbian-tee/raspbian-tee/optee_os/out/arm/export-ta_arm32/lib/libutee.a(utee_syscalls_a32.o)

.ARM.extab.text.utee_get_time
                0x00007094        0x0
 .ARM.extab.text.utee_get_time
                0x00007094        0x0 /media/wen/My_Passport/Raspbian/raspbian-tee/raspbian-tee/optee_os/out/arm/export-ta_arm32/lib/libutee.a(utee_syscalls_a32.o)

.ARM.extab.text.utee_set_ta_time
                0x00007094        0x0
 .ARM.extab.text.utee_set_ta_time
                0x00007094        0x0 /media/wen/My_Passport/Raspbian/raspbian-tee/raspbian-tee/optee_os/out/arm/export-ta_arm32/lib/libutee.a(utee_syscalls_a32.o)

.ARM.extab.text.utee_cryp_state_alloc
                0x00007094        0x0
 .ARM.extab.text.utee_cryp_state_alloc
                0x00007094        0x0 /media/wen/My_Passport/Raspbian/raspbian-tee/raspbian-tee/optee_os/out/arm/export-ta_arm32/lib/libutee.a(utee_syscalls_a32.o)

.ARM.extab.text.utee_cryp_state_copy
                0x00007094        0x0
 .ARM.extab.text.utee_cryp_state_copy
                0x00007094        0x0 /media/wen/My_Passport/Raspbian/raspbian-tee/raspbian-tee/optee_os/out/arm/export-ta_arm32/lib/libutee.a(utee_syscalls_a32.o)

.ARM.extab.text.utee_cryp_state_free
                0x00007094        0x0
 .ARM.extab.text.utee_cryp_state_free
                0x00007094        0x0 /media/wen/My_Passport/Raspbian/raspbian-tee/raspbian-tee/optee_os/out/arm/export-ta_arm32/lib/libutee.a(utee_syscalls_a32.o)

.ARM.extab.text.utee_hash_init
                0x00007094        0x0
 .ARM.extab.text.utee_hash_init
                0x00007094        0x0 /media/wen/My_Passport/Raspbian/raspbian-tee/raspbian-tee/optee_os/out/arm/export-ta_arm32/lib/libutee.a(utee_syscalls_a32.o)

.ARM.extab.text.utee_hash_update
                0x00007094        0x0
 .ARM.extab.text.utee_hash_update
                0x00007094        0x0 /media/wen/My_Passport/Raspbian/raspbian-tee/raspbian-tee/optee_os/out/arm/export-ta_arm32/lib/libutee.a(utee_syscalls_a32.o)

.ARM.extab.text.utee_hash_final
                0x00007094        0x0
 .ARM.extab.text.utee_hash_final
                0x00007094        0x0 /media/wen/My_Passport/Raspbian/raspbian-tee/raspbian-tee/optee_os/out/arm/export-ta_arm32/lib/libutee.a(utee_syscalls_a32.o)

.ARM.extab.text.utee_cipher_init
                0x00007094        0x0
 .ARM.extab.text.utee_cipher_init
                0x00007094        0x0 /media/wen/My_Passport/Raspbian/raspbian-tee/raspbian-tee/optee_os/out/arm/export-ta_arm32/lib/libutee.a(utee_syscalls_a32.o)

.ARM.extab.text.utee_cipher_update
                0x00007094        0x0
 .ARM.extab.text.utee_cipher_update
                0x00007094        0x0 /media/wen/My_Passport/Raspbian/raspbian-tee/raspbian-tee/optee_os/out/arm/export-ta_arm32/lib/libutee.a(utee_syscalls_a32.o)

.ARM.extab.text.utee_cipher_final
                0x00007094        0x0
 .ARM.extab.text.utee_cipher_final
                0x00007094        0x0 /media/wen/My_Passport/Raspbian/raspbian-tee/raspbian-tee/optee_os/out/arm/export-ta_arm32/lib/libutee.a(utee_syscalls_a32.o)

.ARM.extab.text.utee_cryp_obj_get_info
                0x00007094        0x0
 .ARM.extab.text.utee_cryp_obj_get_info
                0x00007094        0x0 /media/wen/My_Passport/Raspbian/raspbian-tee/raspbian-tee/optee_os/out/arm/export-ta_arm32/lib/libutee.a(utee_syscalls_a32.o)

.ARM.extab.text.utee_cryp_obj_restrict_usage
                0x00007094        0x0
 .ARM.extab.text.utee_cryp_obj_restrict_usage
                0x00007094        0x0 /media/wen/My_Passport/Raspbian/raspbian-tee/raspbian-tee/optee_os/out/arm/export-ta_arm32/lib/libutee.a(utee_syscalls_a32.o)

.ARM.extab.text.utee_cryp_obj_get_attr
                0x00007094        0x0
 .ARM.extab.text.utee_cryp_obj_get_attr
                0x00007094        0x0 /media/wen/My_Passport/Raspbian/raspbian-tee/raspbian-tee/optee_os/out/arm/export-ta_arm32/lib/libutee.a(utee_syscalls_a32.o)

.ARM.extab.text.utee_cryp_obj_alloc
                0x00007094        0x0
 .ARM.extab.text.utee_cryp_obj_alloc
                0x00007094        0x0 /media/wen/My_Passport/Raspbian/raspbian-tee/raspbian-tee/optee_os/out/arm/export-ta_arm32/lib/libutee.a(utee_syscalls_a32.o)

.ARM.extab.text.utee_cryp_obj_close
                0x00007094        0x0
 .ARM.extab.text.utee_cryp_obj_close
                0x00007094        0x0 /media/wen/My_Passport/Raspbian/raspbian-tee/raspbian-tee/optee_os/out/arm/export-ta_arm32/lib/libutee.a(utee_syscalls_a32.o)

.ARM.extab.text.utee_cryp_obj_reset
                0x00007094        0x0
 .ARM.extab.text.utee_cryp_obj_reset
                0x00007094        0x0 /media/wen/My_Passport/Raspbian/raspbian-tee/raspbian-tee/optee_os/out/arm/export-ta_arm32/lib/libutee.a(utee_syscalls_a32.o)

.ARM.extab.text.utee_cryp_obj_populate
                0x00007094        0x0
 .ARM.extab.text.utee_cryp_obj_populate
                0x00007094        0x0 /media/wen/My_Passport/Raspbian/raspbian-tee/raspbian-tee/optee_os/out/arm/export-ta_arm32/lib/libutee.a(utee_syscalls_a32.o)

.ARM.extab.text.utee_cryp_obj_copy
                0x00007094        0x0
 .ARM.extab.text.utee_cryp_obj_copy
                0x00007094        0x0 /media/wen/My_Passport/Raspbian/raspbian-tee/raspbian-tee/optee_os/out/arm/export-ta_arm32/lib/libutee.a(utee_syscalls_a32.o)

.ARM.extab.text.utee_cryp_derive_key
                0x00007094        0x0
 .ARM.extab.text.utee_cryp_derive_key
                0x00007094        0x0 /media/wen/My_Passport/Raspbian/raspbian-tee/raspbian-tee/optee_os/out/arm/export-ta_arm32/lib/libutee.a(utee_syscalls_a32.o)

.ARM.extab.text.utee_cryp_random_number_generate
                0x00007094        0x0
 .ARM.extab.text.utee_cryp_random_number_generate
                0x00007094        0x0 /media/wen/My_Passport/Raspbian/raspbian-tee/raspbian-tee/optee_os/out/arm/export-ta_arm32/lib/libutee.a(utee_syscalls_a32.o)

.ARM.extab.text.utee_authenc_init
                0x00007094        0x0
 .ARM.extab.text.utee_authenc_init
                0x00007094        0x0 /media/wen/My_Passport/Raspbian/raspbian-tee/raspbian-tee/optee_os/out/arm/export-ta_arm32/lib/libutee.a(utee_syscalls_a32.o)

.ARM.extab.text.utee_authenc_update_aad
                0x00007094        0x0
 .ARM.extab.text.utee_authenc_update_aad
                0x00007094        0x0 /media/wen/My_Passport/Raspbian/raspbian-tee/raspbian-tee/optee_os/out/arm/export-ta_arm32/lib/libutee.a(utee_syscalls_a32.o)

.ARM.extab.text.utee_authenc_update_payload
                0x00007094        0x0
 .ARM.extab.text.utee_authenc_update_payload
                0x00007094        0x0 /media/wen/My_Passport/Raspbian/raspbian-tee/raspbian-tee/optee_os/out/arm/export-ta_arm32/lib/libutee.a(utee_syscalls_a32.o)

.ARM.extab.text.utee_authenc_enc_final
                0x00007094        0x0
 .ARM.extab.text.utee_authenc_enc_final
                0x00007094        0x0 /media/wen/My_Passport/Raspbian/raspbian-tee/raspbian-tee/optee_os/out/arm/export-ta_arm32/lib/libutee.a(utee_syscalls_a32.o)

.ARM.extab.text.utee_authenc_dec_final
                0x00007094        0x0
 .ARM.extab.text.utee_authenc_dec_final
                0x00007094        0x0 /media/wen/My_Passport/Raspbian/raspbian-tee/raspbian-tee/optee_os/out/arm/export-ta_arm32/lib/libutee.a(utee_syscalls_a32.o)

.ARM.extab.text.utee_asymm_operate
                0x00007094        0x0
 .ARM.extab.text.utee_asymm_operate
                0x00007094        0x0 /media/wen/My_Passport/Raspbian/raspbian-tee/raspbian-tee/optee_os/out/arm/export-ta_arm32/lib/libutee.a(utee_syscalls_a32.o)

.ARM.extab.text.utee_asymm_verify
                0x00007094        0x0
 .ARM.extab.text.utee_asymm_verify
                0x00007094        0x0 /media/wen/My_Passport/Raspbian/raspbian-tee/raspbian-tee/optee_os/out/arm/export-ta_arm32/lib/libutee.a(utee_syscalls_a32.o)

.ARM.extab.text.utee_storage_obj_open
                0x00007094        0x0
 .ARM.extab.text.utee_storage_obj_open
                0x00007094        0x0 /media/wen/My_Passport/Raspbian/raspbian-tee/raspbian-tee/optee_os/out/arm/export-ta_arm32/lib/libutee.a(utee_syscalls_a32.o)

.ARM.extab.text.utee_storage_obj_create
                0x00007094        0x0
 .ARM.extab.text.utee_storage_obj_create
                0x00007094        0x0 /media/wen/My_Passport/Raspbian/raspbian-tee/raspbian-tee/optee_os/out/arm/export-ta_arm32/lib/libutee.a(utee_syscalls_a32.o)

.ARM.extab.text.utee_storage_obj_del
                0x00007094        0x0
 .ARM.extab.text.utee_storage_obj_del
                0x00007094        0x0 /media/wen/My_Passport/Raspbian/raspbian-tee/raspbian-tee/optee_os/out/arm/export-ta_arm32/lib/libutee.a(utee_syscalls_a32.o)

.ARM.extab.text.utee_storage_obj_rename
                0x00007094        0x0
 .ARM.extab.text.utee_storage_obj_rename
                0x00007094        0x0 /media/wen/My_Passport/Raspbian/raspbian-tee/raspbian-tee/optee_os/out/arm/export-ta_arm32/lib/libutee.a(utee_syscalls_a32.o)

.ARM.extab.text.utee_storage_alloc_enum
                0x00007094        0x0
 .ARM.extab.text.utee_storage_alloc_enum
                0x00007094        0x0 /media/wen/My_Passport/Raspbian/raspbian-tee/raspbian-tee/optee_os/out/arm/export-ta_arm32/lib/libutee.a(utee_syscalls_a32.o)

.ARM.extab.text.utee_storage_free_enum
                0x00007094        0x0
 .ARM.extab.text.utee_storage_free_enum
                0x00007094        0x0 /media/wen/My_Passport/Raspbian/raspbian-tee/raspbian-tee/optee_os/out/arm/export-ta_arm32/lib/libutee.a(utee_syscalls_a32.o)

.ARM.extab.text.utee_storage_reset_enum
                0x00007094        0x0
 .ARM.extab.text.utee_storage_reset_enum
                0x00007094        0x0 /media/wen/My_Passport/Raspbian/raspbian-tee/raspbian-tee/optee_os/out/arm/export-ta_arm32/lib/libutee.a(utee_syscalls_a32.o)

.ARM.extab.text.utee_storage_start_enum
                0x00007094        0x0
 .ARM.extab.text.utee_storage_start_enum
                0x00007094        0x0 /media/wen/My_Passport/Raspbian/raspbian-tee/raspbian-tee/optee_os/out/arm/export-ta_arm32/lib/libutee.a(utee_syscalls_a32.o)

.ARM.extab.text.utee_storage_next_enum
                0x00007094        0x0
 .ARM.extab.text.utee_storage_next_enum
                0x00007094        0x0 /media/wen/My_Passport/Raspbian/raspbian-tee/raspbian-tee/optee_os/out/arm/export-ta_arm32/lib/libutee.a(utee_syscalls_a32.o)

.ARM.extab.text.utee_storage_obj_read
                0x00007094        0x0
 .ARM.extab.text.utee_storage_obj_read
                0x00007094        0x0 /media/wen/My_Passport/Raspbian/raspbian-tee/raspbian-tee/optee_os/out/arm/export-ta_arm32/lib/libutee.a(utee_syscalls_a32.o)

.ARM.extab.text.utee_storage_obj_write
                0x00007094        0x0
 .ARM.extab.text.utee_storage_obj_write
                0x00007094        0x0 /media/wen/My_Passport/Raspbian/raspbian-tee/raspbian-tee/optee_os/out/arm/export-ta_arm32/lib/libutee.a(utee_syscalls_a32.o)

.ARM.extab.text.utee_storage_obj_trunc
                0x00007094        0x0
 .ARM.extab.text.utee_storage_obj_trunc
                0x00007094        0x0 /media/wen/My_Passport/Raspbian/raspbian-tee/raspbian-tee/optee_os/out/arm/export-ta_arm32/lib/libutee.a(utee_syscalls_a32.o)

.ARM.extab.text.utee_storage_obj_seek
                0x00007094        0x0
 .ARM.extab.text.utee_storage_obj_seek
                0x00007094        0x0 /media/wen/My_Passport/Raspbian/raspbian-tee/raspbian-tee/optee_os/out/arm/export-ta_arm32/lib/libutee.a(utee_syscalls_a32.o)

.ARM.extab.text.utee_cryp_obj_generate_key
                0x00007094        0x0
 .ARM.extab.text.utee_cryp_obj_generate_key
                0x00007094        0x0 /media/wen/My_Passport/Raspbian/raspbian-tee/raspbian-tee/optee_os/out/arm/export-ta_arm32/lib/libutee.a(utee_syscalls_a32.o)

.ARM.extab.text.utee_cache_operation
                0x00007094        0x0
 .ARM.extab.text.utee_cache_operation
                0x00007094        0x0 /media/wen/My_Passport/Raspbian/raspbian-tee/raspbian-tee/optee_os/out/arm/export-ta_arm32/lib/libutee.a(utee_syscalls_a32.o)

.ARM.extab.text.unlikely
                0x00007094        0xc
 .ARM.extab.text.unlikely
                0x00007094        0xc /media/wen/My_Passport/Raspbian/raspbian-tee/raspbian-tee/optee_os/out/arm/export-ta_arm32/lib/libutee.a(tee_api_arith_mpi.o)

.ARM.exidx      0x000070a0      0x4b0
 *(SORT(.ARM.exidx*) SORT(.gnu.linkonce.armexidx.*))
 .ARM.exidx     0x000070a0       0x40 ./socket_test_ta.o
                                 0x48 (size before relaxing)
 .ARM.exidx     0x000074f8        0x8 ./user_ta_header.o
 .ARM.exidx     0x00007500        0x8 /media/wen/My_Passport/Raspbian/raspbian-tee/raspbian-tee/optee_os/out/arm/export-ta_arm32/lib/libutils.a(memcpy.o)
 .ARM.exidx     0x00007508        0x8 /media/wen/My_Passport/Raspbian/raspbian-tee/raspbian-tee/optee_os/out/arm/export-ta_arm32/lib/libutils.a(memset.o)
 .ARM.exidx     0x000070e0       0x18 /media/wen/My_Passport/Raspbian/raspbian-tee/raspbian-tee/optee_os/out/arm/export-ta_arm32/lib/libutils.a(trace.o)
                                 0x20 (size before relaxing)
 .ARM.exidx     0x00007510        0x0 /media/wen/My_Passport/Raspbian/raspbian-tee/raspbian-tee/optee_os/out/arm/export-ta_arm32/lib/libutils.a(aeabi_unwind.o)
                                 0x18 (size before relaxing)
 .ARM.exidx     0x000070f8       0x18 /media/wen/My_Passport/Raspbian/raspbian-tee/raspbian-tee/optee_os/out/arm/export-ta_arm32/lib/libutils.a(snprintk.o)
 .ARM.exidx     0x00007510        0x8 /media/wen/My_Passport/Raspbian/raspbian-tee/raspbian-tee/optee_os/out/arm/export-ta_arm32/lib/libutils.a(memchr.o)
 .ARM.exidx     0x00007518        0x8 /media/wen/My_Passport/Raspbian/raspbian-tee/raspbian-tee/optee_os/out/arm/export-ta_arm32/lib/libutils.a(strlen.o)
 .ARM.exidx.text.__aeabi_ldivmod
                0x00007110        0x8 /media/wen/My_Passport/Raspbian/raspbian-tee/raspbian-tee/optee_os/out/arm/export-ta_arm32/lib/libutils.a(arm32_aeabi_ldivmod_a32.o)
 .ARM.exidx.text.__aeabi_uldivmod
                0x00007118        0x8 /media/wen/My_Passport/Raspbian/raspbian-tee/raspbian-tee/optee_os/out/arm/export-ta_arm32/lib/libutils.a(arm32_aeabi_ldivmod_a32.o)
 .ARM.exidx     0x00007520        0x8 /media/wen/My_Passport/Raspbian/raspbian-tee/raspbian-tee/optee_os/out/arm/export-ta_arm32/lib/libutils.a(arm32_aeabi_ldivmod.o)
                                 0x10 (size before relaxing)
 .ARM.exidx     0x00007120       0x28 /media/wen/My_Passport/Raspbian/raspbian-tee/raspbian-tee/optee_os/out/arm/export-ta_arm32/lib/libutee.a(trace_ext.o)
 .ARM.exidx     0x00007148       0x68 /media/wen/My_Passport/Raspbian/raspbian-tee/raspbian-tee/optee_os/out/arm/export-ta_arm32/lib/libutee.a(tee_api.o)
                                 0xc8 (size before relaxing)
 .ARM.exidx     0x00007528        0x8 /media/wen/My_Passport/Raspbian/raspbian-tee/raspbian-tee/optee_os/out/arm/export-ta_arm32/lib/libutee.a(tee_api_panic.o)
 .ARM.exidx     0x000071b0       0x10 /media/wen/My_Passport/Raspbian/raspbian-tee/raspbian-tee/optee_os/out/arm/export-ta_arm32/lib/libutee.a(user_ta_entry.o)
                                 0x18 (size before relaxing)
 .ARM.exidx.text.utee_panic
                0x000071c0        0x8 /media/wen/My_Passport/Raspbian/raspbian-tee/raspbian-tee/optee_os/out/arm/export-ta_arm32/lib/libutee.a(utee_syscalls_a32.o)
 .ARM.exidx.text.utee_return
                0x000071c8        0x8 /media/wen/My_Passport/Raspbian/raspbian-tee/raspbian-tee/optee_os/out/arm/export-ta_arm32/lib/libutee.a(utee_syscalls_a32.o)
 .ARM.exidx.text.utee_log
                0x000071d0        0x0 /media/wen/My_Passport/Raspbian/raspbian-tee/raspbian-tee/optee_os/out/arm/export-ta_arm32/lib/libutee.a(utee_syscalls_a32.o)
                                  0x8 (size before relaxing)
 .ARM.exidx.text.__utee_panic
                0x000071d0        0x0 /media/wen/My_Passport/Raspbian/raspbian-tee/raspbian-tee/optee_os/out/arm/export-ta_arm32/lib/libutee.a(utee_syscalls_a32.o)
                                  0x8 (size before relaxing)
 .ARM.exidx.text.utee_get_property
                0x000071d0        0x0 /media/wen/My_Passport/Raspbian/raspbian-tee/raspbian-tee/optee_os/out/arm/export-ta_arm32/lib/libutee.a(utee_syscalls_a32.o)
                                  0x8 (size before relaxing)
 .ARM.exidx.text.utee_get_property_name_to_index
                0x000071d0        0x0 /media/wen/My_Passport/Raspbian/raspbian-tee/raspbian-tee/optee_os/out/arm/export-ta_arm32/lib/libutee.a(utee_syscalls_a32.o)
                                  0x8 (size before relaxing)
 .ARM.exidx.text.utee_open_ta_session
                0x000071d0        0x0 /media/wen/My_Passport/Raspbian/raspbian-tee/raspbian-tee/optee_os/out/arm/export-ta_arm32/lib/libutee.a(utee_syscalls_a32.o)
                                  0x8 (size before relaxing)
 .ARM.exidx.text.utee_close_ta_session
                0x000071d0        0x0 /media/wen/My_Passport/Raspbian/raspbian-tee/raspbian-tee/optee_os/out/arm/export-ta_arm32/lib/libutee.a(utee_syscalls_a32.o)
                                  0x8 (size before relaxing)
 .ARM.exidx.text.utee_invoke_ta_command
                0x000071d0        0x0 /media/wen/My_Passport/Raspbian/raspbian-tee/raspbian-tee/optee_os/out/arm/export-ta_arm32/lib/libutee.a(utee_syscalls_a32.o)
                                  0x8 (size before relaxing)
 .ARM.exidx.text.utee_get_cancellation_flag
                0x000071d0        0x0 /media/wen/My_Passport/Raspbian/raspbian-tee/raspbian-tee/optee_os/out/arm/export-ta_arm32/lib/libutee.a(utee_syscalls_a32.o)
                                  0x8 (size before relaxing)
 .ARM.exidx.text.utee_check_access_rights
                0x000071d0        0x0 /media/wen/My_Passport/Raspbian/raspbian-tee/raspbian-tee/optee_os/out/arm/export-ta_arm32/lib/libutee.a(utee_syscalls_a32.o)
                                  0x8 (size before relaxing)
 .ARM.exidx.text.utee_unmask_cancellation
                0x000071d0        0x0 /media/wen/My_Passport/Raspbian/raspbian-tee/raspbian-tee/optee_os/out/arm/export-ta_arm32/lib/libutee.a(utee_syscalls_a32.o)
                                  0x8 (size before relaxing)
 .ARM.exidx.text.utee_mask_cancellation
                0x000071d0        0x0 /media/wen/My_Passport/Raspbian/raspbian-tee/raspbian-tee/optee_os/out/arm/export-ta_arm32/lib/libutee.a(utee_syscalls_a32.o)
                                  0x8 (size before relaxing)
 .ARM.exidx.text.utee_wait
                0x000071d0        0x0 /media/wen/My_Passport/Raspbian/raspbian-tee/raspbian-tee/optee_os/out/arm/export-ta_arm32/lib/libutee.a(utee_syscalls_a32.o)
                                  0x8 (size before relaxing)
 .ARM.exidx.text.utee_get_time
                0x000071d0        0x0 /media/wen/My_Passport/Raspbian/raspbian-tee/raspbian-tee/optee_os/out/arm/export-ta_arm32/lib/libutee.a(utee_syscalls_a32.o)
                                  0x8 (size before relaxing)
 .ARM.exidx.text.utee_set_ta_time
                0x000071d0        0x0 /media/wen/My_Passport/Raspbian/raspbian-tee/raspbian-tee/optee_os/out/arm/export-ta_arm32/lib/libutee.a(utee_syscalls_a32.o)
                                  0x8 (size before relaxing)
 .ARM.exidx.text.utee_cryp_state_alloc
                0x000071d0        0x0 /media/wen/My_Passport/Raspbian/raspbian-tee/raspbian-tee/optee_os/out/arm/export-ta_arm32/lib/libutee.a(utee_syscalls_a32.o)
                                  0x8 (size before relaxing)
 .ARM.exidx.text.utee_cryp_state_copy
                0x000071d0        0x0 /media/wen/My_Passport/Raspbian/raspbian-tee/raspbian-tee/optee_os/out/arm/export-ta_arm32/lib/libutee.a(utee_syscalls_a32.o)
                                  0x8 (size before relaxing)
 .ARM.exidx.text.utee_cryp_state_free
                0x000071d0        0x0 /media/wen/My_Passport/Raspbian/raspbian-tee/raspbian-tee/optee_os/out/arm/export-ta_arm32/lib/libutee.a(utee_syscalls_a32.o)
                                  0x8 (size before relaxing)
 .ARM.exidx.text.utee_hash_init
                0x000071d0        0x0 /media/wen/My_Passport/Raspbian/raspbian-tee/raspbian-tee/optee_os/out/arm/export-ta_arm32/lib/libutee.a(utee_syscalls_a32.o)
                                  0x8 (size before relaxing)
 .ARM.exidx.text.utee_hash_update
                0x000071d0        0x0 /media/wen/My_Passport/Raspbian/raspbian-tee/raspbian-tee/optee_os/out/arm/export-ta_arm32/lib/libutee.a(utee_syscalls_a32.o)
                                  0x8 (size before relaxing)
 .ARM.exidx.text.utee_hash_final
                0x000071d0        0x0 /media/wen/My_Passport/Raspbian/raspbian-tee/raspbian-tee/optee_os/out/arm/export-ta_arm32/lib/libutee.a(utee_syscalls_a32.o)
                                  0x8 (size before relaxing)
 .ARM.exidx.text.utee_cipher_init
                0x000071d0        0x0 /media/wen/My_Passport/Raspbian/raspbian-tee/raspbian-tee/optee_os/out/arm/export-ta_arm32/lib/libutee.a(utee_syscalls_a32.o)
                                  0x8 (size before relaxing)
 .ARM.exidx.text.utee_cipher_update
                0x000071d0        0x0 /media/wen/My_Passport/Raspbian/raspbian-tee/raspbian-tee/optee_os/out/arm/export-ta_arm32/lib/libutee.a(utee_syscalls_a32.o)
                                  0x8 (size before relaxing)
 .ARM.exidx.text.utee_cipher_final
                0x000071d0        0x0 /media/wen/My_Passport/Raspbian/raspbian-tee/raspbian-tee/optee_os/out/arm/export-ta_arm32/lib/libutee.a(utee_syscalls_a32.o)
                                  0x8 (size before relaxing)
 .ARM.exidx.text.utee_cryp_obj_get_info
                0x000071d0        0x0 /media/wen/My_Passport/Raspbian/raspbian-tee/raspbian-tee/optee_os/out/arm/export-ta_arm32/lib/libutee.a(utee_syscalls_a32.o)
                                  0x8 (size before relaxing)
 .ARM.exidx.text.utee_cryp_obj_restrict_usage
                0x000071d0        0x0 /media/wen/My_Passport/Raspbian/raspbian-tee/raspbian-tee/optee_os/out/arm/export-ta_arm32/lib/libutee.a(utee_syscalls_a32.o)
                                  0x8 (size before relaxing)
 .ARM.exidx.text.utee_cryp_obj_get_attr
                0x000071d0        0x0 /media/wen/My_Passport/Raspbian/raspbian-tee/raspbian-tee/optee_os/out/arm/export-ta_arm32/lib/libutee.a(utee_syscalls_a32.o)
                                  0x8 (size before relaxing)
 .ARM.exidx.text.utee_cryp_obj_alloc
                0x000071d0        0x0 /media/wen/My_Passport/Raspbian/raspbian-tee/raspbian-tee/optee_os/out/arm/export-ta_arm32/lib/libutee.a(utee_syscalls_a32.o)
                                  0x8 (size before relaxing)
 .ARM.exidx.text.utee_cryp_obj_close
                0x000071d0        0x0 /media/wen/My_Passport/Raspbian/raspbian-tee/raspbian-tee/optee_os/out/arm/export-ta_arm32/lib/libutee.a(utee_syscalls_a32.o)
                                  0x8 (size before relaxing)
 .ARM.exidx.text.utee_cryp_obj_reset
                0x000071d0        0x0 /media/wen/My_Passport/Raspbian/raspbian-tee/raspbian-tee/optee_os/out/arm/export-ta_arm32/lib/libutee.a(utee_syscalls_a32.o)
                                  0x8 (size before relaxing)
 .ARM.exidx.text.utee_cryp_obj_populate
                0x000071d0        0x0 /media/wen/My_Passport/Raspbian/raspbian-tee/raspbian-tee/optee_os/out/arm/export-ta_arm32/lib/libutee.a(utee_syscalls_a32.o)
                                  0x8 (size before relaxing)
 .ARM.exidx.text.utee_cryp_obj_copy
                0x000071d0        0x0 /media/wen/My_Passport/Raspbian/raspbian-tee/raspbian-tee/optee_os/out/arm/export-ta_arm32/lib/libutee.a(utee_syscalls_a32.o)
                                  0x8 (size before relaxing)
 .ARM.exidx.text.utee_cryp_derive_key
                0x000071d0        0x0 /media/wen/My_Passport/Raspbian/raspbian-tee/raspbian-tee/optee_os/out/arm/export-ta_arm32/lib/libutee.a(utee_syscalls_a32.o)
                                  0x8 (size before relaxing)
 .ARM.exidx.text.utee_cryp_random_number_generate
                0x000071d0        0x0 /media/wen/My_Passport/Raspbian/raspbian-tee/raspbian-tee/optee_os/out/arm/export-ta_arm32/lib/libutee.a(utee_syscalls_a32.o)
                                  0x8 (size before relaxing)
 .ARM.exidx.text.utee_authenc_init
                0x000071d0        0x0 /media/wen/My_Passport/Raspbian/raspbian-tee/raspbian-tee/optee_os/out/arm/export-ta_arm32/lib/libutee.a(utee_syscalls_a32.o)
                                  0x8 (size before relaxing)
 .ARM.exidx.text.utee_authenc_update_aad
                0x000071d0        0x0 /media/wen/My_Passport/Raspbian/raspbian-tee/raspbian-tee/optee_os/out/arm/export-ta_arm32/lib/libutee.a(utee_syscalls_a32.o)
                                  0x8 (size before relaxing)
 .ARM.exidx.text.utee_authenc_update_payload
                0x000071d0        0x0 /media/wen/My_Passport/Raspbian/raspbian-tee/raspbian-tee/optee_os/out/arm/export-ta_arm32/lib/libutee.a(utee_syscalls_a32.o)
                                  0x8 (size before relaxing)
 .ARM.exidx.text.utee_authenc_enc_final
                0x000071d0        0x0 /media/wen/My_Passport/Raspbian/raspbian-tee/raspbian-tee/optee_os/out/arm/export-ta_arm32/lib/libutee.a(utee_syscalls_a32.o)
                                  0x8 (size before relaxing)
 .ARM.exidx.text.utee_authenc_dec_final
                0x000071d0        0x0 /media/wen/My_Passport/Raspbian/raspbian-tee/raspbian-tee/optee_os/out/arm/export-ta_arm32/lib/libutee.a(utee_syscalls_a32.o)
                                  0x8 (size before relaxing)
 .ARM.exidx.text.utee_asymm_operate
                0x000071d0        0x0 /media/wen/My_Passport/Raspbian/raspbian-tee/raspbian-tee/optee_os/out/arm/export-ta_arm32/lib/libutee.a(utee_syscalls_a32.o)
                                  0x8 (size before relaxing)
 .ARM.exidx.text.utee_asymm_verify
                0x000071d0        0x0 /media/wen/My_Passport/Raspbian/raspbian-tee/raspbian-tee/optee_os/out/arm/export-ta_arm32/lib/libutee.a(utee_syscalls_a32.o)
                                  0x8 (size before relaxing)
 .ARM.exidx.text.utee_storage_obj_open
                0x000071d0        0x0 /media/wen/My_Passport/Raspbian/raspbian-tee/raspbian-tee/optee_os/out/arm/export-ta_arm32/lib/libutee.a(utee_syscalls_a32.o)
                                  0x8 (size before relaxing)
 .ARM.exidx.text.utee_storage_obj_create
                0x000071d0        0x0 /media/wen/My_Passport/Raspbian/raspbian-tee/raspbian-tee/optee_os/out/arm/export-ta_arm32/lib/libutee.a(utee_syscalls_a32.o)
                                  0x8 (size before relaxing)
 .ARM.exidx.text.utee_storage_obj_del
                0x000071d0        0x0 /media/wen/My_Passport/Raspbian/raspbian-tee/raspbian-tee/optee_os/out/arm/export-ta_arm32/lib/libutee.a(utee_syscalls_a32.o)
                                  0x8 (size before relaxing)
 .ARM.exidx.text.utee_storage_obj_rename
                0x000071d0        0x0 /media/wen/My_Passport/Raspbian/raspbian-tee/raspbian-tee/optee_os/out/arm/export-ta_arm32/lib/libutee.a(utee_syscalls_a32.o)
                                  0x8 (size before relaxing)
 .ARM.exidx.text.utee_storage_alloc_enum
                0x000071d0        0x0 /media/wen/My_Passport/Raspbian/raspbian-tee/raspbian-tee/optee_os/out/arm/export-ta_arm32/lib/libutee.a(utee_syscalls_a32.o)
                                  0x8 (size before relaxing)
 .ARM.exidx.text.utee_storage_free_enum
                0x000071d0        0x0 /media/wen/My_Passport/Raspbian/raspbian-tee/raspbian-tee/optee_os/out/arm/export-ta_arm32/lib/libutee.a(utee_syscalls_a32.o)
                                  0x8 (size before relaxing)
 .ARM.exidx.text.utee_storage_reset_enum
                0x000071d0        0x0 /media/wen/My_Passport/Raspbian/raspbian-tee/raspbian-tee/optee_os/out/arm/export-ta_arm32/lib/libutee.a(utee_syscalls_a32.o)
                                  0x8 (size before relaxing)
 .ARM.exidx.text.utee_storage_start_enum
                0x000071d0        0x0 /media/wen/My_Passport/Raspbian/raspbian-tee/raspbian-tee/optee_os/out/arm/export-ta_arm32/lib/libutee.a(utee_syscalls_a32.o)
                                  0x8 (size before relaxing)
 .ARM.exidx.text.utee_storage_next_enum
                0x000071d0        0x0 /media/wen/My_Passport/Raspbian/raspbian-tee/raspbian-tee/optee_os/out/arm/export-ta_arm32/lib/libutee.a(utee_syscalls_a32.o)
                                  0x8 (size before relaxing)
 .ARM.exidx.text.utee_storage_obj_read
                0x000071d0        0x0 /media/wen/My_Passport/Raspbian/raspbian-tee/raspbian-tee/optee_os/out/arm/export-ta_arm32/lib/libutee.a(utee_syscalls_a32.o)
                                  0x8 (size before relaxing)
 .ARM.exidx.text.utee_storage_obj_write
                0x000071d0        0x0 /media/wen/My_Passport/Raspbian/raspbian-tee/raspbian-tee/optee_os/out/arm/export-ta_arm32/lib/libutee.a(utee_syscalls_a32.o)
                                  0x8 (size before relaxing)
 .ARM.exidx.text.utee_storage_obj_trunc
                0x000071d0        0x0 /media/wen/My_Passport/Raspbian/raspbian-tee/raspbian-tee/optee_os/out/arm/export-ta_arm32/lib/libutee.a(utee_syscalls_a32.o)
                                  0x8 (size before relaxing)
 .ARM.exidx.text.utee_storage_obj_seek
                0x000071d0        0x0 /media/wen/My_Passport/Raspbian/raspbian-tee/raspbian-tee/optee_os/out/arm/export-ta_arm32/lib/libutee.a(utee_syscalls_a32.o)
                                  0x8 (size before relaxing)
 .ARM.exidx.text.utee_cryp_obj_generate_key
                0x000071d0        0x0 /media/wen/My_Passport/Raspbian/raspbian-tee/raspbian-tee/optee_os/out/arm/export-ta_arm32/lib/libutee.a(utee_syscalls_a32.o)
                                  0x8 (size before relaxing)
 .ARM.exidx.text.utee_cache_operation
                0x000071d0        0x8 /media/wen/My_Passport/Raspbian/raspbian-tee/raspbian-tee/optee_os/out/arm/export-ta_arm32/lib/libutee.a(utee_syscalls_a32.o)
 .ARM.exidx.text.unlikely
                0x000072d0        0x8 /media/wen/My_Passport/Raspbian/raspbian-tee/raspbian-tee/optee_os/out/arm/export-ta_arm32/lib/libutee.a(tee_api_arith_mpi.o)
 .ARM.exidx     0x000071d8       0xf8 /media/wen/My_Passport/Raspbian/raspbian-tee/raspbian-tee/optee_os/out/arm/export-ta_arm32/lib/libutee.a(tee_api_arith_mpi.o)
                                0x150 (size before relaxing)
 .ARM.exidx     0x000072d8      0x168 /media/wen/My_Passport/Raspbian/raspbian-tee/raspbian-tee/optee_os/out/arm/export-ta_arm32/lib/libmbedtls.a(bignum.o)
                                0x1b0 (size before relaxing)
 .ARM.exidx     0x00007440       0x88 /media/wen/My_Passport/Raspbian/raspbian-tee/raspbian-tee/optee_os/out/arm/export-ta_arm32/lib/libutils.a(bget_malloc.o)
                                 0x98 (size before relaxing)
 .ARM.exidx     0x00007530       0x10 /media/wen/My_Passport/Raspbian/raspbian-tee/raspbian-tee/optee_os/out/arm/export-ta_arm32/lib/libutils.a(snprintf.o)
 .ARM.exidx     0x00007540        0x8 /media/wen/My_Passport/Raspbian/raspbian-tee/raspbian-tee/optee_os/out/arm/export-ta_arm32/lib/libutils.a(memcmp.o)
 .ARM.exidx     0x00007548        0x8 /media/wen/My_Passport/Raspbian/raspbian-tee/raspbian-tee/optee_os/out/arm/export-ta_arm32/lib/libutils.a(memmove.o)
 .ARM.exidx     0x000074c8       0x20 /media/wen/My_Passport/Raspbian/raspbian-tee/raspbian-tee/optee_os/out/arm/export-ta_arm32/lib/libutils.a(mempool.o)
 .ARM.exidx     0x000074e8       0x10 /media/wen/My_Passport/Raspbian/raspbian-tee/raspbian-tee/optee_os/out/arm/export-ta_arm32/lib/libutee.a(assert.o)

.ctors
 *(SORT(.ctors))

.dtors
 *(SORT(.dtors))

.got            0x00007550       0x34
 *(SORT(.got.plt))
 .got.plt       0x00007550        0xc ./socket_test_ta.o
                0x00007550                _GLOBAL_OFFSET_TABLE_
 *(SORT(.got))
 .got           0x0000755c       0x28 ./socket_test_ta.o

.rel.text
 *(SORT(.rel.text))
 *(SORT(.rel.gnu.linkonce.t*))

.rela.text
 *(SORT(.rela.text))
 *(SORT(.rela.gnu.linkonce.t*))

.rel.data
 *(SORT(.rel.data))
 *(SORT(.rel.gnu.linkonce.d*))

.rela.data
 *(SORT(.rela.data))
 *(SORT(.rela.gnu.linkonce.d*))

.rel.rodata
 *(SORT(.rel.rodata))
 *(SORT(.rel.gnu.linkonce.r*))

.rela.rodata
 *(SORT(.rela.rodata))
 *(SORT(.rela.gnu.linkonce.r*))

.rel.dyn        0x00007584       0x98
 *(SORT(.rel.dyn))
 .rel.iplt      0x00007584        0x0 ./socket_test_ta.o
 .rel.data.rel.ro.local
                0x00007584       0x70 ./socket_test_ta.o
 .rel.ta_head   0x000075f4        0x8 ./socket_test_ta.o
 .rel.data.rel  0x000075fc        0x8 ./socket_test_ta.o
 .rel.data.rel.local
                0x00007604       0x18 ./socket_test_ta.o

.rel.got        0x0000761c       0x50
 *(SORT(.rel.got))
 .rel.got       0x0000761c       0x50 ./socket_test_ta.o

.rela.got
 *(SORT(.rela.got))

.rel.ctors
 *(SORT(.rel.ctors))

.rela.ctors
 *(SORT(.rela.ctors))

.rel.dtors
 *(SORT(.rel.dtors))

.rela.dtors
 *(SORT(.rela.dtors))

.rel.init
 *(SORT(.rel.init))

.rela.init
 *(SORT(.rela.init))

.rel.fini
 *(SORT(.rel.fini))

.rela.fini
 *(SORT(.rela.fini))

.rel.bss
 *(SORT(.rel.bss))

.rela.bss
 *(SORT(.rela.bss))

.rel.plt        0x0000766c        0x0
 *(SORT(.rel.plt))
 .rel.plt       0x0000766c        0x0 ./socket_test_ta.o

.rela.plt
 *(SORT(.rela.plt))

.dynamic        0x0000766c       0x80
 *(SORT(.dynamic))
 .dynamic       0x0000766c       0x80 ./socket_test_ta.o
                0x0000766c                _DYNAMIC

.dynsym         0x000076ec       0xd0
 *(SORT(.dynsym))
 .dynsym        0x000076ec       0xd0 ./socket_test_ta.o

.dynstr         0x000077bc       0x9f
 *(SORT(.dynstr))
 .dynstr        0x000077bc       0x9f ./socket_test_ta.o

.hash           0x0000785c       0x48
 *(SORT(.hash))
 .hash          0x0000785c       0x48 ./socket_test_ta.o
                0x00008000                . = ALIGN (0x1000)

.data           0x00008000       0x90
 *(SORT(.data) SORT(.data.*) SORT(.gnu.linkonce.d.*))
 .data          0x00008000       0x10 ./socket_test_ta.o
                0x00008000                uuid
 .data          0x00008010        0x4 ./user_ta_header.o
                0x00008010                trace_level
 .data.rel.ro.local
                0x00008014       0x54 ./user_ta_header.o
                0x00008014                ta_props
 .data.rel      0x00008068        0x4 /media/wen/My_Passport/Raspbian/raspbian-tee/raspbian-tee/optee_os/out/arm/export-ta_arm32/lib/libutee.a(user_ta_entry.o)
                0x00008068                _ref__utee_mcount
 .data.rel.local
                0x0000806c        0x8 /media/wen/My_Passport/Raspbian/raspbian-tee/raspbian-tee/optee_os/out/arm/export-ta_arm32/lib/libutee.a(user_ta_entry.o)
 .data.rel.local
                0x00008074       0x1c /media/wen/My_Passport/Raspbian/raspbian-tee/raspbian-tee/optee_os/out/arm/export-ta_arm32/lib/libutils.a(bget_malloc.o)
 .data          0x00008090        0x0 /media/wen/My_Passport/Raspbian/raspbian-tee/raspbian-tee/optee_os/out/arm/export-ta_arm32/lib/libutils.a(memcpy.o)
 .data          0x00008090        0x0 /media/wen/My_Passport/Raspbian/raspbian-tee/raspbian-tee/optee_os/out/arm/export-ta_arm32/lib/libutils.a(memset.o)
 .data          0x00008090        0x0 /media/wen/My_Passport/Raspbian/raspbian-tee/raspbian-tee/optee_os/out/arm/export-ta_arm32/lib/libutils.a(trace.o)
 .data          0x00008090        0x0 /media/wen/My_Passport/Raspbian/raspbian-tee/raspbian-tee/optee_os/out/arm/export-ta_arm32/lib/libutils.a(aeabi_unwind.o)
 .data          0x00008090        0x0 /media/wen/My_Passport/Raspbian/raspbian-tee/raspbian-tee/optee_os/out/arm/export-ta_arm32/lib/libutils.a(snprintk.o)
 .data          0x00008090        0x0 /media/wen/My_Passport/Raspbian/raspbian-tee/raspbian-tee/optee_os/out/arm/export-ta_arm32/lib/libutils.a(memchr.o)
 .data          0x00008090        0x0 /media/wen/My_Passport/Raspbian/raspbian-tee/raspbian-tee/optee_os/out/arm/export-ta_arm32/lib/libutils.a(strlen.o)
 .data          0x00008090        0x0 /media/wen/My_Passport/Raspbian/raspbian-tee/raspbian-tee/optee_os/out/arm/export-ta_arm32/lib/libutils.a(arm32_aeabi_ldivmod_a32.o)
 .data          0x00008090        0x0 /media/wen/My_Passport/Raspbian/raspbian-tee/raspbian-tee/optee_os/out/arm/export-ta_arm32/lib/libutils.a(arm32_aeabi_ldivmod.o)
 .data          0x00008090        0x0 /media/wen/My_Passport/Raspbian/raspbian-tee/raspbian-tee/optee_os/out/arm/export-ta_arm32/lib/libutee.a(trace_ext.o)
 .data          0x00008090        0x0 /media/wen/My_Passport/Raspbian/raspbian-tee/raspbian-tee/optee_os/out/arm/export-ta_arm32/lib/libutee.a(tee_api.o)
 .data          0x00008090        0x0 /media/wen/My_Passport/Raspbian/raspbian-tee/raspbian-tee/optee_os/out/arm/export-ta_arm32/lib/libutee.a(tee_api_panic.o)
 .data          0x00008090        0x0 /media/wen/My_Passport/Raspbian/raspbian-tee/raspbian-tee/optee_os/out/arm/export-ta_arm32/lib/libutee.a(user_ta_entry.o)
 .data          0x00008090        0x0 /media/wen/My_Passport/Raspbian/raspbian-tee/raspbian-tee/optee_os/out/arm/export-ta_arm32/lib/libutee.a(utee_syscalls_a32.o)
 .data          0x00008090        0x0 /media/wen/My_Passport/Raspbian/raspbian-tee/raspbian-tee/optee_os/out/arm/export-ta_arm32/lib/libutee.a(gprof_a32.o)
 .data          0x00008090        0x0 /media/wen/My_Passport/Raspbian/raspbian-tee/raspbian-tee/optee_os/out/arm/export-ta_arm32/lib/libutee.a(tee_api_arith_mpi.o)
 .data          0x00008090        0x0 /media/wen/My_Passport/Raspbian/raspbian-tee/raspbian-tee/optee_os/out/arm/export-ta_arm32/lib/libmbedtls.a(bignum.o)
 .data          0x00008090        0x0 /media/wen/My_Passport/Raspbian/raspbian-tee/raspbian-tee/optee_os/out/arm/export-ta_arm32/lib/libutils.a(bget_malloc.o)
 .data          0x00008090        0x0 /media/wen/My_Passport/Raspbian/raspbian-tee/raspbian-tee/optee_os/out/arm/export-ta_arm32/lib/libutils.a(snprintf.o)
 .data          0x00008090        0x0 /media/wen/My_Passport/Raspbian/raspbian-tee/raspbian-tee/optee_os/out/arm/export-ta_arm32/lib/libutils.a(memcmp.o)
 .data          0x00008090        0x0 /media/wen/My_Passport/Raspbian/raspbian-tee/raspbian-tee/optee_os/out/arm/export-ta_arm32/lib/libutils.a(memmove.o)
 .data          0x00008090        0x0 /media/wen/My_Passport/Raspbian/raspbian-tee/raspbian-tee/optee_os/out/arm/export-ta_arm32/lib/libutils.a(mempool.o)
 .data          0x00008090        0x0 /media/wen/My_Passport/Raspbian/raspbian-tee/raspbian-tee/optee_os/out/arm/export-ta_arm32/lib/libutee.a(assert.o)

.igot.plt       0x00008090        0x0
 .igot.plt      0x00008090        0x0 ./socket_test_ta.o

.bss            0x00008090     0xa070
 *(SORT(.bss) SORT(.bss.*) SORT(.gnu.linkonce.b.*) SORT(COMMON))
 .bss           0x00008090        0x4 /media/wen/My_Passport/Raspbian/raspbian-tee/raspbian-tee/optee_os/out/arm/export-ta_arm32/lib/libutee.a(tee_api.o)
 .bss           0x00008094       0x28 /media/wen/My_Passport/Raspbian/raspbian-tee/raspbian-tee/optee_os/out/arm/export-ta_arm32/lib/libutee.a(user_ta_entry.o)
                0x00008098                ta_param_types
                0x0000809c                ta_params
 .bss           0x000080bc     0x2000 /media/wen/My_Passport/Raspbian/raspbian-tee/raspbian-tee/optee_os/out/arm/export-ta_arm32/lib/libutee.a(tee_api_arith_mpi.o)
 .bss           0x0000a0bc        0x4 /media/wen/My_Passport/Raspbian/raspbian-tee/raspbian-tee/optee_os/out/arm/export-ta_arm32/lib/libmbedtls.a(bignum.o)
                0x0000a0bc                mbedtls_mpi_mempool
 .bss           0x0000a0c0       0x40 /media/wen/My_Passport/Raspbian/raspbian-tee/raspbian-tee/optee_os/out/arm/export-ta_arm32/lib/libutils.a(bget_malloc.o)
 .bss           0x0000a100        0x0 ./socket_test_ta.o
 .bss           0x0000a100     0x8000 ./user_ta_header.o
                0x0000a100                ta_heap
 .bss           0x00012100        0x0 /media/wen/My_Passport/Raspbian/raspbian-tee/raspbian-tee/optee_os/out/arm/export-ta_arm32/lib/libutils.a(memcpy.o)
 .bss           0x00012100        0x0 /media/wen/My_Passport/Raspbian/raspbian-tee/raspbian-tee/optee_os/out/arm/export-ta_arm32/lib/libutils.a(memset.o)
 .bss           0x00012100        0x0 /media/wen/My_Passport/Raspbian/raspbian-tee/raspbian-tee/optee_os/out/arm/export-ta_arm32/lib/libutils.a(trace.o)
 .bss           0x00012100        0x0 /media/wen/My_Passport/Raspbian/raspbian-tee/raspbian-tee/optee_os/out/arm/export-ta_arm32/lib/libutils.a(aeabi_unwind.o)
 .bss           0x00012100        0x0 /media/wen/My_Passport/Raspbian/raspbian-tee/raspbian-tee/optee_os/out/arm/export-ta_arm32/lib/libutils.a(snprintk.o)
 .bss           0x00012100        0x0 /media/wen/My_Passport/Raspbian/raspbian-tee/raspbian-tee/optee_os/out/arm/export-ta_arm32/lib/libutils.a(memchr.o)
 .bss           0x00012100        0x0 /media/wen/My_Passport/Raspbian/raspbian-tee/raspbian-tee/optee_os/out/arm/export-ta_arm32/lib/libutils.a(strlen.o)
 .bss           0x00012100        0x0 /media/wen/My_Passport/Raspbian/raspbian-tee/raspbian-tee/optee_os/out/arm/export-ta_arm32/lib/libutils.a(arm32_aeabi_ldivmod_a32.o)
 .bss           0x00012100        0x0 /media/wen/My_Passport/Raspbian/raspbian-tee/raspbian-tee/optee_os/out/arm/export-ta_arm32/lib/libutils.a(arm32_aeabi_ldivmod.o)
 .bss           0x00012100        0x0 /media/wen/My_Passport/Raspbian/raspbian-tee/raspbian-tee/optee_os/out/arm/export-ta_arm32/lib/libutee.a(trace_ext.o)
 .bss           0x00012100        0x0 /media/wen/My_Passport/Raspbian/raspbian-tee/raspbian-tee/optee_os/out/arm/export-ta_arm32/lib/libutee.a(tee_api_panic.o)
 .bss           0x00012100        0x0 /media/wen/My_Passport/Raspbian/raspbian-tee/raspbian-tee/optee_os/out/arm/export-ta_arm32/lib/libutee.a(utee_syscalls_a32.o)
 .bss           0x00012100        0x0 /media/wen/My_Passport/Raspbian/raspbian-tee/raspbian-tee/optee_os/out/arm/export-ta_arm32/lib/libutee.a(gprof_a32.o)
 .bss           0x00012100        0x0 /media/wen/My_Passport/Raspbian/raspbian-tee/raspbian-tee/optee_os/out/arm/export-ta_arm32/lib/libutils.a(snprintf.o)
 .bss           0x00012100        0x0 /media/wen/My_Passport/Raspbian/raspbian-tee/raspbian-tee/optee_os/out/arm/export-ta_arm32/lib/libutils.a(memcmp.o)
 .bss           0x00012100        0x0 /media/wen/My_Passport/Raspbian/raspbian-tee/raspbian-tee/optee_os/out/arm/export-ta_arm32/lib/libutils.a(memmove.o)
 .bss           0x00012100        0x0 /media/wen/My_Passport/Raspbian/raspbian-tee/raspbian-tee/optee_os/out/arm/export-ta_arm32/lib/libutils.a(mempool.o)
 .bss           0x00012100        0x0 /media/wen/My_Passport/Raspbian/raspbian-tee/raspbian-tee/optee_os/out/arm/export-ta_arm32/lib/libutee.a(assert.o)
                0x00012100                . = ALIGN (0x8)
                0x00012100                __gprof_buf_start = .
                0x00012100                . = (. + DEFINED (__gnu_mcount_nc)?(((__text_end - __text_start) * 0x88) / 0x64):0x0)
                0x00012100                __gprof_buf_end = .

.dynbss         0x00012100        0x0
 .dynbss        0x00012100        0x0 ./socket_test_ta.o

/DISCARD/
 *(SORT(.interp))
LOAD ./socket_test_ta.o
LOAD ./user_ta_header.o
START GROUP
LOAD /media/wen/My_Passport/Raspbian/raspbian-tee/raspbian-tee/optee_os/out/arm/export-ta_arm32/lib/libutils.a
LOAD /media/wen/My_Passport/Raspbian/raspbian-tee/raspbian-tee/optee_os/out/arm/export-ta_arm32/lib/libutee.a
LOAD /media/wen/My_Passport/Raspbian/raspbian-tee/raspbian-tee/optee_os/out/arm/export-ta_arm32/lib/libmbedtls.a
END GROUP
OUTPUT(84a7e37d-9583-4eb0-94bc-cfd416148fa8.elf elf32-littlearm)

.debug_info     0x00000000     0xdfb5
 .debug_info    0x00000000      0xfb1 ./socket_test_ta.o
 .debug_info    0x00000fb1      0x383 ./user_ta_header.o
 .debug_info    0x00001334       0xc9 /media/wen/My_Passport/Raspbian/raspbian-tee/raspbian-tee/optee_os/out/arm/export-ta_arm32/lib/libutils.a(memcpy.o)
 .debug_info    0x000013fd       0x9c /media/wen/My_Passport/Raspbian/raspbian-tee/raspbian-tee/optee_os/out/arm/export-ta_arm32/lib/libutils.a(memset.o)
 .debug_info    0x00001499      0x46a /media/wen/My_Passport/Raspbian/raspbian-tee/raspbian-tee/optee_os/out/arm/export-ta_arm32/lib/libutils.a(trace.o)
 .debug_info    0x00001903       0x4f /media/wen/My_Passport/Raspbian/raspbian-tee/raspbian-tee/optee_os/out/arm/export-ta_arm32/lib/libutils.a(aeabi_unwind.o)
 .debug_info    0x00001952      0x695 /media/wen/My_Passport/Raspbian/raspbian-tee/raspbian-tee/optee_os/out/arm/export-ta_arm32/lib/libutils.a(snprintk.o)
 .debug_info    0x00001fe7       0xbd /media/wen/My_Passport/Raspbian/raspbian-tee/raspbian-tee/optee_os/out/arm/export-ta_arm32/lib/libutils.a(memchr.o)
 .debug_info    0x000020a4       0x8d /media/wen/My_Passport/Raspbian/raspbian-tee/raspbian-tee/optee_os/out/arm/export-ta_arm32/lib/libutils.a(strlen.o)
 .debug_info    0x00002131       0x9c /media/wen/My_Passport/Raspbian/raspbian-tee/raspbian-tee/optee_os/out/arm/export-ta_arm32/lib/libutils.a(arm32_aeabi_ldivmod_a32.o)
 .debug_info    0x000021cd      0x2cf /media/wen/My_Passport/Raspbian/raspbian-tee/raspbian-tee/optee_os/out/arm/export-ta_arm32/lib/libutils.a(arm32_aeabi_ldivmod.o)
 .debug_info    0x0000249c      0x2c2 /media/wen/My_Passport/Raspbian/raspbian-tee/raspbian-tee/optee_os/out/arm/export-ta_arm32/lib/libutee.a(trace_ext.o)
 .debug_info    0x0000275e      0xea8 /media/wen/My_Passport/Raspbian/raspbian-tee/raspbian-tee/optee_os/out/arm/export-ta_arm32/lib/libutee.a(tee_api.o)
 .debug_info    0x00003606      0x107 /media/wen/My_Passport/Raspbian/raspbian-tee/raspbian-tee/optee_os/out/arm/export-ta_arm32/lib/libutee.a(tee_api_panic.o)
 .debug_info    0x0000370d      0xab3 /media/wen/My_Passport/Raspbian/raspbian-tee/raspbian-tee/optee_os/out/arm/export-ta_arm32/lib/libutee.a(user_ta_entry.o)
 .debug_info    0x000041c0       0x90 /media/wen/My_Passport/Raspbian/raspbian-tee/raspbian-tee/optee_os/out/arm/export-ta_arm32/lib/libutee.a(utee_syscalls_a32.o)
 .debug_info    0x00004250       0x92 /media/wen/My_Passport/Raspbian/raspbian-tee/raspbian-tee/optee_os/out/arm/export-ta_arm32/lib/libutee.a(gprof_a32.o)
 .debug_info    0x000042e2     0x3558 /media/wen/My_Passport/Raspbian/raspbian-tee/raspbian-tee/optee_os/out/arm/export-ta_arm32/lib/libutee.a(tee_api_arith_mpi.o)
 .debug_info    0x0000783a     0x445c /media/wen/My_Passport/Raspbian/raspbian-tee/raspbian-tee/optee_os/out/arm/export-ta_arm32/lib/libmbedtls.a(bignum.o)
 .debug_info    0x0000bc96     0x1a4d /media/wen/My_Passport/Raspbian/raspbian-tee/raspbian-tee/optee_os/out/arm/export-ta_arm32/lib/libutils.a(bget_malloc.o)
 .debug_info    0x0000d6e3      0x19c /media/wen/My_Passport/Raspbian/raspbian-tee/raspbian-tee/optee_os/out/arm/export-ta_arm32/lib/libutils.a(snprintf.o)
 .debug_info    0x0000d87f       0xb6 /media/wen/My_Passport/Raspbian/raspbian-tee/raspbian-tee/optee_os/out/arm/export-ta_arm32/lib/libutils.a(memcmp.o)
 .debug_info    0x0000d935       0xc7 /media/wen/My_Passport/Raspbian/raspbian-tee/raspbian-tee/optee_os/out/arm/export-ta_arm32/lib/libutils.a(memmove.o)
 .debug_info    0x0000d9fc      0x430 /media/wen/My_Passport/Raspbian/raspbian-tee/raspbian-tee/optee_os/out/arm/export-ta_arm32/lib/libutils.a(mempool.o)
 .debug_info    0x0000de2c      0x189 /media/wen/My_Passport/Raspbian/raspbian-tee/raspbian-tee/optee_os/out/arm/export-ta_arm32/lib/libutee.a(assert.o)

.debug_abbrev   0x00000000     0x2720
 .debug_abbrev  0x00000000      0x3bd ./socket_test_ta.o
 .debug_abbrev  0x000003bd      0x13c ./user_ta_header.o
 .debug_abbrev  0x000004f9       0xa7 /media/wen/My_Passport/Raspbian/raspbian-tee/raspbian-tee/optee_os/out/arm/export-ta_arm32/lib/libutils.a(memcpy.o)
 .debug_abbrev  0x000005a0       0x93 /media/wen/My_Passport/Raspbian/raspbian-tee/raspbian-tee/optee_os/out/arm/export-ta_arm32/lib/libutils.a(memset.o)
 .debug_abbrev  0x00000633      0x235 /media/wen/My_Passport/Raspbian/raspbian-tee/raspbian-tee/optee_os/out/arm/export-ta_arm32/lib/libutils.a(trace.o)
 .debug_abbrev  0x00000868       0x47 /media/wen/My_Passport/Raspbian/raspbian-tee/raspbian-tee/optee_os/out/arm/export-ta_arm32/lib/libutils.a(aeabi_unwind.o)
 .debug_abbrev  0x000008af      0x26f /media/wen/My_Passport/Raspbian/raspbian-tee/raspbian-tee/optee_os/out/arm/export-ta_arm32/lib/libutils.a(snprintk.o)
 .debug_abbrev  0x00000b1e       0xae /media/wen/My_Passport/Raspbian/raspbian-tee/raspbian-tee/optee_os/out/arm/export-ta_arm32/lib/libutils.a(memchr.o)
 .debug_abbrev  0x00000bcc       0x84 /media/wen/My_Passport/Raspbian/raspbian-tee/raspbian-tee/optee_os/out/arm/export-ta_arm32/lib/libutils.a(strlen.o)
 .debug_abbrev  0x00000c50       0x12 /media/wen/My_Passport/Raspbian/raspbian-tee/raspbian-tee/optee_os/out/arm/export-ta_arm32/lib/libutils.a(arm32_aeabi_ldivmod_a32.o)
 .debug_abbrev  0x00000c62      0x12f /media/wen/My_Passport/Raspbian/raspbian-tee/raspbian-tee/optee_os/out/arm/export-ta_arm32/lib/libutils.a(arm32_aeabi_ldivmod.o)
 .debug_abbrev  0x00000d91      0x183 /media/wen/My_Passport/Raspbian/raspbian-tee/raspbian-tee/optee_os/out/arm/export-ta_arm32/lib/libutee.a(trace_ext.o)
 .debug_abbrev  0x00000f14      0x2b4 /media/wen/My_Passport/Raspbian/raspbian-tee/raspbian-tee/optee_os/out/arm/export-ta_arm32/lib/libutee.a(tee_api.o)
 .debug_abbrev  0x000011c8       0xb4 /media/wen/My_Passport/Raspbian/raspbian-tee/raspbian-tee/optee_os/out/arm/export-ta_arm32/lib/libutee.a(tee_api_panic.o)
 .debug_abbrev  0x0000127c      0x2da /media/wen/My_Passport/Raspbian/raspbian-tee/raspbian-tee/optee_os/out/arm/export-ta_arm32/lib/libutee.a(user_ta_entry.o)
 .debug_abbrev  0x00001556       0x12 /media/wen/My_Passport/Raspbian/raspbian-tee/raspbian-tee/optee_os/out/arm/export-ta_arm32/lib/libutee.a(utee_syscalls_a32.o)
 .debug_abbrev  0x00001568       0x14 /media/wen/My_Passport/Raspbian/raspbian-tee/raspbian-tee/optee_os/out/arm/export-ta_arm32/lib/libutee.a(gprof_a32.o)
 .debug_abbrev  0x0000157c      0x47a /media/wen/My_Passport/Raspbian/raspbian-tee/raspbian-tee/optee_os/out/arm/export-ta_arm32/lib/libutee.a(tee_api_arith_mpi.o)
 .debug_abbrev  0x000019f6      0x47a /media/wen/My_Passport/Raspbian/raspbian-tee/raspbian-tee/optee_os/out/arm/export-ta_arm32/lib/libmbedtls.a(bignum.o)
 .debug_abbrev  0x00001e70      0x40a /media/wen/My_Passport/Raspbian/raspbian-tee/raspbian-tee/optee_os/out/arm/export-ta_arm32/lib/libutils.a(bget_malloc.o)
 .debug_abbrev  0x0000227a      0x101 /media/wen/My_Passport/Raspbian/raspbian-tee/raspbian-tee/optee_os/out/arm/export-ta_arm32/lib/libutils.a(snprintf.o)
 .debug_abbrev  0x0000237b       0x82 /media/wen/My_Passport/Raspbian/raspbian-tee/raspbian-tee/optee_os/out/arm/export-ta_arm32/lib/libutils.a(memcmp.o)
 .debug_abbrev  0x000023fd       0x9f /media/wen/My_Passport/Raspbian/raspbian-tee/raspbian-tee/optee_os/out/arm/export-ta_arm32/lib/libutils.a(memmove.o)
 .debug_abbrev  0x0000249c      0x1ba /media/wen/My_Passport/Raspbian/raspbian-tee/raspbian-tee/optee_os/out/arm/export-ta_arm32/lib/libutils.a(mempool.o)
 .debug_abbrev  0x00002656       0xca /media/wen/My_Passport/Raspbian/raspbian-tee/raspbian-tee/optee_os/out/arm/export-ta_arm32/lib/libutee.a(assert.o)

.debug_loc      0x00000000     0xd52a
 .debug_loc     0x00000000      0xae8 ./socket_test_ta.o
 .debug_loc     0x00000ae8       0xa0 /media/wen/My_Passport/Raspbian/raspbian-tee/raspbian-tee/optee_os/out/arm/export-ta_arm32/lib/libutils.a(memcpy.o)
 .debug_loc     0x00000b88       0x4c /media/wen/My_Passport/Raspbian/raspbian-tee/raspbian-tee/optee_os/out/arm/export-ta_arm32/lib/libutils.a(memset.o)
 .debug_loc     0x00000bd4      0x278 /media/wen/My_Passport/Raspbian/raspbian-tee/raspbian-tee/optee_os/out/arm/export-ta_arm32/lib/libutils.a(trace.o)
 .debug_loc     0x00000e4c      0xf59 /media/wen/My_Passport/Raspbian/raspbian-tee/raspbian-tee/optee_os/out/arm/export-ta_arm32/lib/libutils.a(snprintk.o)
 .debug_loc     0x00001da5       0xfa /media/wen/My_Passport/Raspbian/raspbian-tee/raspbian-tee/optee_os/out/arm/export-ta_arm32/lib/libutils.a(memchr.o)
 .debug_loc     0x00001e9f       0x57 /media/wen/My_Passport/Raspbian/raspbian-tee/raspbian-tee/optee_os/out/arm/export-ta_arm32/lib/libutils.a(strlen.o)
 .debug_loc     0x00001ef6      0x870 /media/wen/My_Passport/Raspbian/raspbian-tee/raspbian-tee/optee_os/out/arm/export-ta_arm32/lib/libutils.a(arm32_aeabi_ldivmod.o)
 .debug_loc     0x00002766       0x9f /media/wen/My_Passport/Raspbian/raspbian-tee/raspbian-tee/optee_os/out/arm/export-ta_arm32/lib/libutee.a(trace_ext.o)
 .debug_loc     0x00002805      0x7e0 /media/wen/My_Passport/Raspbian/raspbian-tee/raspbian-tee/optee_os/out/arm/export-ta_arm32/lib/libutee.a(tee_api.o)
 .debug_loc     0x00002fe5       0x21 /media/wen/My_Passport/Raspbian/raspbian-tee/raspbian-tee/optee_os/out/arm/export-ta_arm32/lib/libutee.a(tee_api_panic.o)